{"logTime": "0828/105119", "correlationVector":"mBmKHZUob9iNd03Wl8u4Z+.2","action":"ProcessGetUpdates", "result":"Done", "context":{"dataType":"History", "deleted":"0", "process_failed_to_decrypt":"0", "process_pending_decryption":"0", "process_success":"6", "total":"6"}}
{"logTime": "0828/105119", "correlationVector":"mBmKHZUob9iNd03Wl8u4Z+.3","action":"GetUpdates Response", "result":"Success", "context":Received 6 update(s). cV=mBmKHZUob9iNd03Wl8u4Z+.0;server=akswtt11600001n;cloudType=Consumer;environment=Prod_japanwest_prod-s01-066-apac-japanwest;migrationStage=NotStarted}
{"logTime": "0828/105119", "correlationVector":"XK8L+hHxFW82cLO3bMxv4l","action":"Normal GetUpdate request", "result":"", "context":cV=XK8L+hHxFW82cLO3bMxv4l
Nudged types: Preferences, Passwords, Sessions, Device Info, History
Refresh requested types: Bookmarks, Preferences, Passwords, Autofill Profiles, Autofill, Extensions, Sessions, Extension settings, History Delete Directives, Device Info, User Consents, Send Tab To Self, Web Apps, History, Saved Tab Group, WebAuthn Credentials, Edge E Drop, Edge Hub App Usage, Edge Workspace, Encryption Keys}
{"logTime": "0828/105119", "correlationVector":"XK8L+hHxFW82cLO3bMxv4l.1","action":"SyncServerConnectionManagerRequest", "result":"SYNC_SERVER_OK", "context":{"environment":"Prod_japanwest_prod-s01-066-apac-japanwest", "migrationStage":"NotStarted", "server":"akswtt116000014"}}
{"logTime": "0828/105119", "correlationVector":"XK8L+hHxFW82cLO3bMxv4l.2","action":"GetUpdates Response", "result":"Success", "context":Received 0 update(s). cV=XK8L+hHxFW82cLO3bMxv4l.0;server=akswtt116000014;cloudType=Consumer;environment=Prod_japanwest_prod-s01-066-apac-japanwest;migrationStage=NotStarted}
{"logTime": "0828/105119", "correlationVector":"8yMh2LBsSZHh11acoBy8qg","action":"Commit Request", "result":"", "context":Item count: 40
Contributing types: Passwords}
{"logTime": "0828/105121", "correlationVector":"8yMh2LBsSZHh11acoBy8qg.1","action":"SyncServerConnectionManagerRequest", "result":"SYNC_SERVER_OK", "context":{"environment":"Prod_japanwest_prod-s01-066-apac-japanwest", "migrationStage":"NotStarted", "server":"akswtt11600001n"}}
{"logTime": "0828/105121", "correlationVector":"8yMh2LBsSZHh11acoBy8qg.2","action":"Commit Response", "result":"Success", "context":Result: Success. cV=8yMh2LBsSZHh11acoBy8qg.0;server=akswtt11600001n;cloudType=Consumer;environment=Prod_japanwest_prod-s01-066-apac-japanwest;migrationStage=NotStarted}
{"logTime": "0828/105121", "correlationVector":"9sCCu5D0SMAAT5h9ttYt5P","action":"Commit Request", "result":"", "context":Item count: 40
Contributing types: Passwords}
{"logTime": "0828/105123", "correlationVector":"9sCCu5D0SMAAT5h9ttYt5P.1","action":"SyncServerConnectionManagerRequest", "result":"SYNC_SERVER_OK", "context":{"environment":"Prod_japanwest_prod-s01-066-apac-japanwest", "migrationStage":"NotStarted", "server":"akswtt11600000e"}}
{"logTime": "0828/105123", "correlationVector":"9sCCu5D0SMAAT5h9ttYt5P.2","action":"Commit Response", "result":"Success", "context":Result: Success. cV=9sCCu5D0SMAAT5h9ttYt5P.0;server=akswtt11600000e;cloudType=Consumer;environment=Prod_japanwest_prod-s01-066-apac-japanwest;migrationStage=NotStarted}
{"logTime": "0828/105123", "correlationVector":"epdZA81oTj97qs4MA2K909","action":"Commit Request", "result":"", "context":Item count: 21
Contributing types: Preferences, Passwords, Sessions, Device Info, History}
{"logTime": "0828/105125", "correlationVector":"epdZA81oTj97qs4MA2K909.1","action":"SyncServerConnectionManagerRequest", "result":"SYNC_SERVER_OK", "context":{"environment":"Prod_japanwest_prod-s01-066-apac-japanwest", "migrationStage":"NotStarted", "server":"akswtt11600001l"}}
{"logTime": "0828/105125", "correlationVector":"epdZA81oTj97qs4MA2K909.2","action":"Commit Response", "result":"Success", "context":Result: Success. cV=epdZA81oTj97qs4MA2K909.0;server=akswtt11600001l;cloudType=Consumer;environment=Prod_japanwest_prod-s01-066-apac-japanwest;migrationStage=NotStarted}
{"logTime": "0828/105201", "correlationVector":"8XbVAy6ABQgT7ba0a76eUH","action":"Commit Request", "result":"", "context":Item count: 1
Contributing types: Preferences}
{"logTime": "0828/105201", "correlationVector":"8XbVAy6ABQgT7ba0a76eUH.1","action":"SyncServerConnectionManagerRequest", "result":"SYNC_SERVER_OK", "context":{"environment":"Prod_japanwest_prod-s01-066-apac-japanwest", "migrationStage":"NotStarted", "server":"akswtt11600000p"}}
{"logTime": "0828/105201", "correlationVector":"8XbVAy6ABQgT7ba0a76eUH.2","action":"Commit Response", "result":"Success", "context":Result: Success. cV=8XbVAy6ABQgT7ba0a76eUH.0;server=akswtt11600000p;cloudType=Consumer;environment=Prod_japanwest_prod-s01-066-apac-japanwest;migrationStage=NotStarted}
{"logTime": "0828/105828", "correlationVector":"pTwa3NP8s6Mh2tdU03p2Gs.1","action":"SyncServerConnectionManagerRequest", "result":"SYNC_SERVER_OK", "context":{"environment":"Prod_japanwest_prod-s01-066-apac-japanwest", "migrationStage":"NotStarted", "server":"akswtt11600000e"}}
{"logTime": "0828/105828", "correlationVector":"pTwa3NP8s6Mh2tdU03p2Gs.2","action":"ProcessGetUpdates", "result":"Done", "context":{"dataType":"Encryption Keys", "deleted":"0", "process_failed_to_decrypt":"0", "process_pending_decryption":"0", "process_success":"1", "total":"1"}}
{"logTime": "0828/105828", "correlationVector":"8Zqm+6tA+fFKY05ndtLMhp","action":"SyncServerConnectionManagerRequest", "result":"SYNC_SERVER_OK", "context":{"environment":"", "migrationStage":"", "server":""}}
{"logTime": "0828/105828", "correlationVector":"8Zqm+6tA+fFKY05ndtLMhp.0","action":"EncryptionKeysFetcher.DownloadKeys:", "result":"Success", "context":Key count: 9, Last key timestamp: 2026-08-11T08:00:07Z}
{"logTime": "0828/105828", "correlationVector":"8Zqm+6tA+fFKY05ndtLMhp.1","action":"EncryptionKeysManager::SetEncryptionKeys:", "result":"Success", "context":Key names[9]:[h0EKw32CFLnkhYu4aV1Jo/TI7Oo0IS+bVSlyPspKPmrDgB+CSb/F1mhwZgXZSqS/6HAu/wOp4xWjZBDWRU16Vw==][ZzgxezEpHWLzp+8W0bBh+C4qcoXhuEqSZuLE/V2woTr+LE19XfwS4q10jD2Ji//A87LW1pY632iiHBO1axpFxQ==][N92SWBjD6MKxPSuUN7fKEY5yduvbZYRgqs+V74DocUQLe7I423uEXczs/eQY5HCQigcWJ4yr6YqKFaKpaGbjKA==][jD4c3uDENZ9WsRHLzvtVCt4wPf27G3vHPEIX7e8WIsntSM7S31asWjDvRXmlSYnPL+WGIsZTMv07h/2WJzEScw==][CzdF9z0QqkzewmxUOfOze1DAXngzC1EtB7qN7+/CzFHjxb0E04L6XEOsnzUhXlvYHP/aovXDp1f8jiSUOjJAUg==][bTHAUmxx6jZ1iXERGPRBCt9P6LlxCfKLzyBjEjImecON4zFQMaqwGVptkciNfUXqo5z8ZGUbOP/iaHKp2BDDgg==][se+rBkyXGj+RlHSYvf6JDNclOAgjF8mPrbIMIGQkxYaEY6o/L3BZbA2JeIn7qAA4km9xRm5m9CZhMPJKDM/+zA==][Rjz6zo3jovs2ZD040heVaH/lqhXvQYJbXTSyUUQT4cl1qKqMh7X6iIA8+gC1cQZMiuU0a/UBSacfB4AEkORTiA==][MejxnyapSOwBClFtsUwHxmL7yMo8Sk4KkKyAVNEG09qMUvdioQ43hRoOn1O7W9q4Ubh6rXjklvyyhaXBxCPjqg==]}
{"logTime": "0828/105828", "correlationVector":"8Zqm+6tA+fFKY05ndtLMhp.2","action":"EncryptionKeysManager::SetEncryptionKeysWithTimestamps:", "result":"Success", "context":Key timestamps[9]:[2022-01-21T14:34:06Z][2022-09-29T12:11:06Z][2023-07-26T06:07:38Z][2024-02-20T06:43:46Z][2024-08-19T05:16:19Z][2025-02-15T12:04:23Z][2025-08-15T01:09:28Z][2026-02-11T07:20:05Z][2026-08-11T08:00:07Z]}
{"logTime": "0828/105828", "correlationVector":"pTwa3NP8s6Mh2tdU03p2Gs","action":"Initial GetUpdates", "result":"", "context":Reason: NEW_CLIENT. cV=pTwa3NP8s6Mh2tdU03p2Gs}
{"logTime": "0828/105828", "correlationVector":"pTwa3NP8s6Mh2tdU03p2Gs.3","action":"GetUpdates Response", "result":"Success", "context":Received 1 update(s). cV=pTwa3NP8s6Mh2tdU03p2Gs.0;server=akswtt11600000e;cloudType=Consumer;environment=Prod_japanwest_prod-s01-066-apac-japanwest;migrationStage=NotStarted}
{"logTime": "0828/105828", "correlationVector":"akQCmdvHiExLjX7CqjQ8tM","action":"Initial GetUpdates", "result":"", "context":Reason: NEWLY_SUPPORTED_DATATYPE. cV=akQCmdvHiExLjX7CqjQ8tM}
{"logTime": "0828/105829", "correlationVector":"akQCmdvHiExLjX7CqjQ8tM.1","action":"SyncServerConnectionManagerRequest", "result":"SYNC_SERVER_OK", "context":{"environment":"Prod_japanwest_prod-s01-066-apac-japanwest", "migrationStage":"NotStarted", "server":"akswtt11600000n"}}
{"logTime": "0828/105829", "correlationVector":"akQCmdvHiExLjX7CqjQ8tM.2","action":"ProcessGetUpdates", "result":"Done", "context":{"dataType":"Passwords", "deleted":"2", "process_failed_to_decrypt":"0", "process_pending_decryption":"0", "process_success":"106", "total":"106"}}
{"logTime": "0828/105829", "correlationVector":"akQCmdvHiExLjX7CqjQ8tM.3","action":"GetUpdates Response", "result":"Success", "context":Received 106 update(s). cV=akQCmdvHiExLjX7CqjQ8tM.0;server=akswtt11600000n;cloudType=Consumer;environment=Prod_japanwest_prod-s01-066-apac-japanwest;migrationStage=NotStarted}
{"logTime": "0828/105829", "correlationVector":"pZV1X0Y4mAVJA0lZjAlLLd","action":"Normal GetUpdate request", "result":"", "context":cV=pZV1X0Y4mAVJA0lZjAlLLd
Nudged types: Preferences, Sessions, Device Info, History
Refresh requested types: Bookmarks, Preferences, Passwords, Autofill Profiles, Autofill, Extensions, Sessions, Extension settings, History Delete Directives, Device Info, User Consents, Send Tab To Self, Web Apps, History, Saved Tab Group, WebAuthn Credentials, Edge E Drop, Edge Hub App Usage, Edge Workspace, Encryption Keys}
{"logTime": "0828/105829", "correlationVector":"pZV1X0Y4mAVJA0lZjAlLLd.1","action":"SyncServerConnectionManagerRequest", "result":"SYNC_SERVER_OK", "context":{"environment":"Prod_japanwest_prod-s01-066-apac-japanwest", "migrationStage":"NotStarted", "server":"akswtt11600000b"}}
{"logTime": "0828/105829", "correlationVector":"pZV1X0Y4mAVJA0lZjAlLLd.2","action":"ProcessGetUpdates", "result":"Done", "context":{"dataType":"Preferences", "deleted":"1", "process_failed_to_decrypt":"0", "process_pending_decryption":"0", "process_success":"3", "total":"3"}}
{"logTime": "0828/105829", "correlationVector":"pZV1X0Y4mAVJA0lZjAlLLd.3","action":"ProcessGetUpdates", "result":"Done", "context":{"dataType":"Sessions", "deleted":"1", "process_failed_to_decrypt":"0", "process_pending_decryption":"0", "process_success":"7", "total":"7"}}
{"logTime": "0828/105829", "correlationVector":"pZV1X0Y4mAVJA0lZjAlLLd.4","action":"ProcessGetUpdates", "result":"Done", "context":{"dataType":"Device Info", "deleted":"0", "process_failed_to_decrypt":"0", "process_pending_decryption":"0", "process_success":"2", "total":"2"}}
{"logTime": "0828/105829", "correlationVector":"pZV1X0Y4mAVJA0lZjAlLLd.5","action":"ProcessGetUpdates", "result":"Done", "context":{"dataType":"History", "deleted":"0", "process_failed_to_decrypt":"0", "process_pending_decryption":"0", "process_success":"11", "total":"11"}}
{"logTime": "0828/105829", "correlationVector":"pZV1X0Y4mAVJA0lZjAlLLd.6","action":"GetUpdates Response", "result":"Success", "context":Received 23 update(s). cV=pZV1X0Y4mAVJA0lZjAlLLd.0;server=akswtt11600000b;cloudType=Consumer;environment=Prod_japanwest_prod-s01-066-apac-japanwest;migrationStage=NotStarted}
{"logTime": "0828/105829", "correlationVector":"11N39PjzeQEXrkcEeoQ+V7","action":"Commit Request", "result":"", "context":Item count: 6
Contributing types: Preferences, Sessions, Device Info, History}
{"logTime": "0828/105830", "correlationVector":"11N39PjzeQEXrkcEeoQ+V7.1","action":"SyncServerConnectionManagerRequest", "result":"SYNC_SERVER_OK", "context":{"environment":"Prod_japanwest_prod-s01-066-apac-japanwest", "migrationStage":"NotStarted", "server":"akswtt116000009"}}
{"logTime": "0828/105830", "correlationVector":"11N39PjzeQEXrkcEeoQ+V7.3","action":"Commit.Sessions", "result":"Success", "context":{"id":"64234423-f2e5-404c-89b9-7786681d56fa", "isDeleted":"true", "size":"0", "version":"1787914284033"}}
{"logTime": "0828/105830", "correlationVector":"11N39PjzeQEXrkcEeoQ+V7.2","action":"Commit Response", "result":"Success", "context":Result: Success. cV=11N39PjzeQEXrkcEeoQ+V7.0;server=akswtt116000009;cloudType=Consumer;environment=Prod_japanwest_prod-s01-066-apac-japanwest;migrationStage=NotStarted}
{"logTime": "0828/105838", "correlationVector":"C4bdx8seHr5VQ7bIpHgGkc","action":"Commit Request", "result":"", "context":Item count: 40
Contributing types: Passwords}
{"logTime": "0828/105841", "correlationVector":"C4bdx8seHr5VQ7bIpHgGkc.1","action":"SyncServerConnectionManagerRequest", "result":"SYNC_SERVER_OK", "context":{"environment":"Prod_japanwest_prod-s01-066-apac-japanwest", "migrationStage":"NotStarted", "server":"akswtt11600000c"}}
{"logTime": "0828/105841", "correlationVector":"C4bdx8seHr5VQ7bIpHgGkc.2","action":"Commit Response", "result":"Success", "context":Result: Success. cV=C4bdx8seHr5VQ7bIpHgGkc.0;server=akswtt11600000c;cloudType=Consumer;environment=Prod_japanwest_prod-s01-066-apac-japanwest;migrationStage=NotStarted}
{"logTime": "0828/105841", "correlationVector":"4YnsX9rc+rwfJyK8NMImcv","action":"Commit Request", "result":"", "context":Item count: 40
Contributing types: Passwords}
{"logTime": "0828/105843", "correlationVector":"4YnsX9rc+rwfJyK8NMImcv.1","action":"SyncServerConnectionManagerRequest", "result":"SYNC_SERVER_OK", "context":{"environment":"Prod_japanwest_prod-s01-066-apac-japanwest", "migrationStage":"NotStarted", "server":"akswtt11600000q"}}
{"logTime": "0828/105843", "correlationVector":"4YnsX9rc+rwfJyK8NMImcv.2","action":"Commit Response", "result":"Success", "context":Result: Success. cV=4YnsX9rc+rwfJyK8NMImcv.0;server=akswtt11600000q;cloudType=Consumer;environment=Prod_japanwest_prod-s01-066-apac-japanwest;migrationStage=NotStarted}
{"logTime": "0828/105843", "correlationVector":"VrLwYcI5mlUtK3VB5i92y4","action":"Commit Request", "result":"", "context":Item count: 19
Contributing types: Preferences, Passwords, Sessions, History}
{"logTime": "0828/105845", "correlationVector":"VrLwYcI5mlUtK3VB5i92y4.1","action":"SyncServerConnectionManagerRequest", "result":"SYNC_SERVER_OK", "context":{"environment":"Prod_japanwest_prod-s01-066-apac-japanwest", "migrationStage":"NotStarted", "server":"akswtt11600000p"}}
{"logTime": "0828/105845", "correlationVector":"VrLwYcI5mlUtK3VB5i92y4.2","action":"Commit Response", "result":"Success", "context":Result: Success. cV=VrLwYcI5mlUtK3VB5i92y4.0;server=akswtt11600000p;cloudType=Consumer;environment=Prod_japanwest_prod-s01-066-apac-japanwest;migrationStage=NotStarted}
{"logTime": "0828/105919", "correlationVector":"63Autnvy6+dR8M7OGwbe7a","action":"Commit Request", "result":"", "context":Item count: 3
Contributing types: Preferences, Sessions, History}
{"logTime": "0828/105920", "correlationVector":"63Autnvy6+dR8M7OGwbe7a.1","action":"SyncServerConnectionManagerRequest", "result":"SYNC_SERVER_OK", "context":{"environment":"Prod_japanwest_prod-s01-066-apac-japanwest", "migrationStage":"NotStarted", "server":"akswtt116000012"}}
{"logTime": "0828/105920", "correlationVector":"63Autnvy6+dR8M7OGwbe7a.2","action":"Commit Response", "result":"Success", "context":Result: Success. cV=63Autnvy6+dR8M7OGwbe7a.0;server=akswtt116000012;cloudType=Consumer;environment=Prod_japanwest_prod-s01-066-apac-japanwest;migrationStage=NotStarted}
{"logTime": "0828/135621", "correlationVector":"jcb8n/E5BasFMxJlJDh2+H.1","action":"SyncServerConnectionManagerRequest", "result":"SYNC_SERVER_OK", "context":{"environment":"Prod_japanwest_prod-s01-066-apac-japanwest", "migrationStage":"NotStarted", "server":"akswtt11600000n"}}
{"logTime": "0828/135621", "correlationVector":"jcb8n/E5BasFMxJlJDh2+H.2","action":"ProcessGetUpdates", "result":"Done", "context":{"dataType":"Encryption Keys", "deleted":"0", "process_failed_to_decrypt":"0", "process_pending_decryption":"0", "process_success":"1", "total":"1"}}
{"logTime": "0828/135621", "correlationVector":"lpJmxbPGRBNaXtnDuRELPR","action":"SyncServerConnectionManagerRequest", "result":"SYNC_SERVER_OK", "context":{"environment":"", "migrationStage":"", "server":""}}
{"logTime": "0828/135621", "correlationVector":"lpJmxbPGRBNaXtnDuRELPR.0","action":"EncryptionKeysFetcher.DownloadKeys:", "result":"Success", "context":Key count: 9, Last key timestamp: 2026-08-11T08:00:07Z}
{"logTime": "0828/135621", "correlationVector":"lpJmxbPGRBNaXtnDuRELPR.1","action":"EncryptionKeysManager::SetEncryptionKeys:", "result":"Success", "context":Key names[9]:[h0EKw32CFLnkhYu4aV1Jo/TI7Oo0IS+bVSlyPspKPmrDgB+CSb/F1mhwZgXZSqS/6HAu/wOp4xWjZBDWRU16Vw==][ZzgxezEpHWLzp+8W0bBh+C4qcoXhuEqSZuLE/V2woTr+LE19XfwS4q10jD2Ji//A87LW1pY632iiHBO1axpFxQ==][N92SWBjD6MKxPSuUN7fKEY5yduvbZYRgqs+V74DocUQLe7I423uEXczs/eQY5HCQigcWJ4yr6YqKFaKpaGbjKA==][jD4c3uDENZ9WsRHLzvtVCt4wPf27G3vHPEIX7e8WIsntSM7S31asWjDvRXmlSYnPL+WGIsZTMv07h/2WJzEScw==][CzdF9z0QqkzewmxUOfOze1DAXngzC1EtB7qN7+/CzFHjxb0E04L6XEOsnzUhXlvYHP/aovXDp1f8jiSUOjJAUg==][bTHAUmxx6jZ1iXERGPRBCt9P6LlxCfKLzyBjEjImecON4zFQMaqwGVptkciNfUXqo5z8ZGUbOP/iaHKp2BDDgg==][se+rBkyXGj+RlHSYvf6JDNclOAgjF8mPrbIMIGQkxYaEY6o/L3BZbA2JeIn7qAA4km9xRm5m9CZhMPJKDM/+zA==][Rjz6zo3jovs2ZD040heVaH/lqhXvQYJbXTSyUUQT4cl1qKqMh7X6iIA8+gC1cQZMiuU0a/UBSacfB4AEkORTiA==][MejxnyapSOwBClFtsUwHxmL7yMo8Sk4KkKyAVNEG09qMUvdioQ43hRoOn1O7W9q4Ubh6rXjklvyyhaXBxCPjqg==]}
{"logTime": "0828/135621", "correlationVector":"lpJmxbPGRBNaXtnDuRELPR.2","action":"EncryptionKeysManager::SetEncryptionKeysWithTimestamps:", "result":"Success", "context":Key timestamps[9]:[2022-01-21T14:34:06Z][2022-09-29T12:11:06Z][2023-07-26T06:07:38Z][2024-02-20T06:43:46Z][2024-08-19T05:16:19Z][2025-02-15T12:04:23Z][2025-08-15T01:09:28Z][2026-02-11T07:20:05Z][2026-08-11T08:00:07Z]}
{"logTime": "0828/135621", "correlationVector":"jcb8n/E5BasFMxJlJDh2+H","action":"Initial GetUpdates", "result":"", "context":Reason: NEW_CLIENT. cV=jcb8n/E5BasFMxJlJDh2+H}
{"logTime": "0828/135621", "correlationVector":"jcb8n/E5BasFMxJlJDh2+H.3","action":"GetUpdates Response", "result":"Success", "context":Received 1 update(s). cV=jcb8n/E5BasFMxJlJDh2+H.0;server=akswtt11600000n;cloudType=Consumer;environment=Prod_japanwest_prod-s01-066-apac-japanwest;migrationStage=NotStarted}
{"logTime": "0828/135621", "correlationVector":"WTlU9tyD+DZG/7mfbvLjmt","action":"Initial GetUpdates", "result":"", "context":Reason: NEWLY_SUPPORTED_DATATYPE. cV=WTlU9tyD+DZG/7mfbvLjmt}
{"logTime": "0828/135621", "correlationVector":"WTlU9tyD+DZG/7mfbvLjmt.1","action":"SyncServerConnectionManagerRequest", "result":"SYNC_SERVER_OK", "context":{"environment":"Prod_japanwest_prod-s01-066-apac-japanwest", "migrationStage":"NotStarted", "server":"akswtt11600001l"}}
{"logTime": "0828/135621", "correlationVector":"WTlU9tyD+DZG/7mfbvLjmt.2","action":"ProcessGetUpdates", "result":"Done", "context":{"dataType":"Passwords", "deleted":"2", "process_failed_to_decrypt":"0", "process_pending_decryption":"0", "process_success":"106", "total":"106"}}
{"logTime": "0828/135621", "correlationVector":"WTlU9tyD+DZG/7mfbvLjmt.3","action":"ProcessGetUpdates", "result":"Done", "context":{"dataType":"Device Info", "deleted":"0", "process_failed_to_decrypt":"0", "process_pending_decryption":"0", "process_success":"7", "total":"7"}}
{"logTime": "0828/135621", "correlationVector":"WTlU9tyD+DZG/7mfbvLjmt.4","action":"GetUpdates Response", "result":"Success", "context":Received 113 update(s). cV=WTlU9tyD+DZG/7mfbvLjmt.0;server=akswtt11600001l;cloudType=Consumer;environment=Prod_japanwest_prod-s01-066-apac-japanwest;migrationStage=NotStarted}
{"logTime": "0828/135621", "correlationVector":"s0K+7mZ6R2ceC3iCu5FJW3","action":"Initial GetUpdates", "result":"", "context":Reason: NEWLY_SUPPORTED_DATATYPE. cV=s0K+7mZ6R2ceC3iCu5FJW3}
{"logTime": "0828/135622", "correlationVector":"s0K+7mZ6R2ceC3iCu5FJW3.1","action":"SyncServerConnectionManagerRequest", "result":"SYNC_SERVER_OK", "context":{"environment":"Prod_japanwest_prod-s01-066-apac-japanwest", "migrationStage":"NotStarted", "server":"akswtt11600000b"}}
{"logTime": "0828/135622", "correlationVector":"s0K+7mZ6R2ceC3iCu5FJW3.2","action":"ProcessGetUpdates", "result":"Done", "context":{"dataType":"Bookmarks", "deleted":"1", "process_failed_to_decrypt":"0", "process_pending_decryption":"0", "process_success":"20", "total":"20"}}
{"logTime": "0828/135622", "correlationVector":"s0K+7mZ6R2ceC3iCu5FJW3.3","action":"ProcessGetUpdates", "result":"Done", "context":{"dataType":"Preferences", "deleted":"0", "process_failed_to_decrypt":"0", "process_pending_decryption":"0", "process_success":"94", "total":"94"}}
{"logTime": "0828/135622", "correlationVector":"s0K+7mZ6R2ceC3iCu5FJW3.4","action":"ProcessGetUpdates", "result":"Done", "context":{"dataType":"Autofill", "deleted":"0", "process_failed_to_decrypt":"0", "process_pending_decryption":"0", "process_success":"108", "total":"108"}}
{"logTime": "0828/135622", "correlationVector":"s0K+7mZ6R2ceC3iCu5FJW3.5","action":"ProcessGetUpdates", "result":"Done", "context":{"dataType":"Extensions", "deleted":"0", "process_failed_to_decrypt":"0", "process_pending_decryption":"0", "process_success":"3", "total":"3"}}
{"logTime": "0828/135622", "correlationVector":"s0K+7mZ6R2ceC3iCu5FJW3.6","action":"ProcessGetUpdates", "result":"Done", "context":{"dataType":"Web Apps", "deleted":"0", "process_failed_to_decrypt":"0", "process_pending_decryption":"0", "process_success":"1", "total":"1"}}
{"logTime": "0828/135622", "correlationVector":"s0K+7mZ6R2ceC3iCu5FJW3.7","action":"ProcessGetUpdates", "result":"Done", "context":{"dataType":"Saved Tab Group", "deleted":"17", "process_failed_to_decrypt":"0", "process_pending_decryption":"0", "process_success":"24", "total":"24"}}
{"logTime": "0828/135622", "correlationVector":"s0K+7mZ6R2ceC3iCu5FJW3.8","action":"GetUpdates Response", "result":"Success", "context":Received 250 update(s). cV=s0K+7mZ6R2ceC3iCu5FJW3.0;server=akswtt11600000b;cloudType=Consumer;environment=Prod_japanwest_prod-s01-066-apac-japanwest;migrationStage=NotStarted Some updates remain.}
{"logTime": "0828/135622", "correlationVector":"Io2eOEj0xr29hrclgR3gq4","action":"Initial GetUpdates", "result":"", "context":Reason: NEWLY_SUPPORTED_DATATYPE. cV=Io2eOEj0xr29hrclgR3gq4}
{"logTime": "0828/135623", "correlationVector":"Io2eOEj0xr29hrclgR3gq4.1","action":"SyncServerConnectionManagerRequest", "result":"SYNC_SERVER_OK", "context":{"environment":"Prod_japanwest_prod-s01-066-apac-japanwest", "migrationStage":"NotStarted", "server":"akswtt11600001h"}}
{"logTime": "0828/135623", "correlationVector":"Io2eOEj0xr29hrclgR3gq4.2","action":"ProcessGetUpdates", "result":"Done", "context":{"dataType":"Bookmarks", "deleted":"1", "process_failed_to_decrypt":"0", "process_pending_decryption":"0", "process_success":"12", "total":"12"}}
{"logTime": "0828/135623", "correlationVector":"Io2eOEj0xr29hrclgR3gq4.3","action":"ProcessGetUpdates", "result":"Done", "context":{"dataType":"Preferences", "deleted":"0", "process_failed_to_decrypt":"0", "process_pending_decryption":"0", "process_success":"4", "total":"4"}}
{"logTime": "0828/135623", "correlationVector":"Io2eOEj0xr29hrclgR3gq4.4","action":"ProcessGetUpdates", "result":"Done", "context":{"dataType":"Autofill", "deleted":"0", "process_failed_to_decrypt":"0", "process_pending_decryption":"0", "process_success":"188", "total":"188"}}
{"logTime": "0828/135623", "correlationVector":"Io2eOEj0xr29hrclgR3gq4.5","action":"ProcessGetUpdates", "result":"Done", "context":{"dataType":"Extensions", "deleted":"0", "process_failed_to_decrypt":"0", "process_pending_decryption":"0", "process_success":"2", "total":"2"}}
{"logTime": "0828/135623", "correlationVector":"Io2eOEj0xr29hrclgR3gq4.6","action":"ProcessGetUpdates", "result":"Done", "context":{"dataType":"Extension settings", "deleted":"0", "process_failed_to_decrypt":"0", "process_pending_decryption":"0", "process_success":"28", "total":"28"}}
{"logTime": "0828/135623", "correlationVector":"Io2eOEj0xr29hrclgR3gq4.7","action":"ProcessGetUpdates", "result":"Done", "context":{"dataType":"Saved Tab Group", "deleted":"10", "process_failed_to_decrypt":"0", "process_pending_decryption":"0", "process_success":"16", "total":"16"}}
{"logTime": "0828/135623", "correlationVector":"Io2eOEj0xr29hrclgR3gq4.8","action":"GetUpdates Response", "result":"Success", "context":Received 250 update(s). cV=Io2eOEj0xr29hrclgR3gq4.0;server=akswtt11600001h;cloudType=Consumer;environment=Prod_japanwest_prod-s01-066-apac-japanwest;migrationStage=NotStarted Some updates remain.}
{"logTime": "0828/135623", "correlationVector":"PP6Y6v7sF8x1pDZI/ZPOd2","action":"Initial GetUpdates", "result":"", "context":Reason: NEWLY_SUPPORTED_DATATYPE. cV=PP6Y6v7sF8x1pDZI/ZPOd2}
{"logTime": "0828/135624", "correlationVector":"PP6Y6v7sF8x1pDZI/ZPOd2.1","action":"SyncServerConnectionManagerRequest", "result":"SYNC_SERVER_OK", "context":{"environment":"Prod_japanwest_prod-s01-066-apac-japanwest", "migrationStage":"NotStarted", "server":"akswtt11600001o"}}
{"logTime": "0828/135624", "correlationVector":"PP6Y6v7sF8x1pDZI/ZPOd2.2","action":"ProcessGetUpdates", "result":"Done", "context":{"dataType":"Bookmarks", "deleted":"3", "process_failed_to_decrypt":"0", "process_pending_decryption":"0", "process_success":"19", "total":"19"}}
{"logTime": "0828/135624", "correlationVector":"PP6Y6v7sF8x1pDZI/ZPOd2.3","action":"ProcessGetUpdates", "result":"Done", "context":{"dataType":"Preferences", "deleted":"0", "process_failed_to_decrypt":"0", "process_pending_decryption":"0", "process_success":"9", "total":"9"}}
{"logTime": "0828/135624", "correlationVector":"PP6Y6v7sF8x1pDZI/ZPOd2.4","action":"ProcessGetUpdates", "result":"Done", "context":{"dataType":"Autofill", "deleted":"0", "process_failed_to_decrypt":"0", "process_pending_decryption":"0", "process_success":"92", "total":"92"}}
{"logTime": "0828/135624", "correlationVector":"PP6Y6v7sF8x1pDZI/ZPOd2.5","action":"ProcessGetUpdates", "result":"Done", "context":{"dataType":"Extensions", "deleted":"0", "process_failed_to_decrypt":"0", "process_pending_decryption":"0", "process_success":"3", "total":"3"}}
{"logTime": "0828/135624", "correlationVector":"PP6Y6v7sF8x1pDZI/ZPOd2.6","action":"ProcessGetUpdates", "result":"Done", "context":{"dataType":"Sessions", "deleted":"80", "process_failed_to_decrypt":"0", "process_pending_decryption":"0", "process_success":"80", "total":"80"}}
{"logTime": "0828/135624", "correlationVector":"PP6Y6v7sF8x1pDZI/ZPOd2.7","action":"ProcessGetUpdates", "result":"Done", "context":{"dataType":"Web Apps", "deleted":"0", "process_failed_to_decrypt":"0", "process_pending_decryption":"0", "process_success":"1", "total":"1"}}
{"logTime": "0828/135624", "correlationVector":"PP6Y6v7sF8x1pDZI/ZPOd2.8","action":"ProcessGetUpdates", "result":"Done", "context":{"dataType":"Saved Tab Group", "deleted":"37", "process_failed_to_decrypt":"0", "process_pending_decryption":"0", "process_success":"45", "total":"45"}}
{"logTime": "0828/135624", "correlationVector":"PP6Y6v7sF8x1pDZI/ZPOd2.9","action":"ProcessGetUpdates", "result":"Done", "context":{"dataType":"Edge Hub App Usage", "deleted":"0", "process_failed_to_decrypt":"0", "process_pending_decryption":"0", "process_success":"1", "total":"1"}}
{"logTime": "0828/135624", "correlationVector":"PP6Y6v7sF8x1pDZI/ZPOd2.10","action":"GetUpdates Response", "result":"Success", "context":Received 250 update(s). cV=PP6Y6v7sF8x1pDZI/ZPOd2.0;server=akswtt11600001o;cloudType=Consumer;environment=Prod_japanwest_prod-s01-066-apac-japanwest;migrationStage=NotStarted Some updates remain.}
{"logTime": "0828/135624", "correlationVector":"ysYQRXPNdTb8DMNqIMG/Hn","action":"Initial GetUpdates", "result":"", "context":Reason: NEWLY_SUPPORTED_DATATYPE. cV=ysYQRXPNdTb8DMNqIMG/Hn}
{"logTime": "0828/135625", "correlationVector":"ysYQRXPNdTb8DMNqIMG/Hn.1","action":"SyncServerConnectionManagerRequest", "result":"SYNC_SERVER_OK", "context":{"environment":"Prod_japanwest_prod-s01-066-apac-japanwest", "migrationStage":"NotStarted", "server":"akswtt116000003"}}
{"logTime": "0828/135625", "correlationVector":"ysYQRXPNdTb8DMNqIMG/Hn.2","action":"ProcessGetUpdates", "result":"Done", "context":{"dataType":"Sessions", "deleted":"241", "process_failed_to_decrypt":"0", "process_pending_decryption":"0", "process_success":"241", "total":"241"}}
{"logTime": "0828/135625", "correlationVector":"ysYQRXPNdTb8DMNqIMG/Hn.3","action":"ProcessGetUpdates", "result":"Done", "context":{"dataType":"Saved Tab Group", "deleted":"6", "process_failed_to_decrypt":"0", "process_pending_decryption":"0", "process_success":"6", "total":"6"}}
{"logTime": "0828/135625", "correlationVector":"ysYQRXPNdTb8DMNqIMG/Hn.4","action":"ProcessGetUpdates", "result":"Done", "context":{"dataType":"Edge Hub App Usage", "deleted":"0", "process_failed_to_decrypt":"0", "process_pending_decryption":"0", "process_success":"3", "total":"3"}}
{"logTime": "0828/135625", "correlationVector":"ysYQRXPNdTb8DMNqIMG/Hn.5","action":"GetUpdates Response", "result":"Success", "context":Received 250 update(s). cV=ysYQRXPNdTb8DMNqIMG/Hn.0;server=akswtt116000003;cloudType=Consumer;environment=Prod_japanwest_prod-s01-066-apac-japanwest;migrationStage=NotStarted Some updates remain.}
{"logTime": "0828/135625", "correlationVector":"Qz3UpxrmYAJesd/oPlhHBP","action":"Initial GetUpdates", "result":"", "context":Reason: NEWLY_SUPPORTED_DATATYPE. cV=Qz3UpxrmYAJesd/oPlhHBP}
{"logTime": "0828/135626", "correlationVector":"Qz3UpxrmYAJesd/oPlhHBP.1","action":"SyncServerConnectionManagerRequest", "result":"SYNC_SERVER_OK", "context":{"environment":"Prod_japanwest_prod-s01-066-apac-japanwest", "migrationStage":"NotStarted", "server":"akswtt11600000i"}}
{"logTime": "0828/135626", "correlationVector":"Qz3UpxrmYAJesd/oPlhHBP.2","action":"ProcessGetUpdates", "result":"Done", "context":{"dataType":"Bookmarks", "deleted":"1", "process_failed_to_decrypt":"0", "process_pending_decryption":"0", "process_success":"8", "total":"8"}}
{"logTime": "0828/135626", "correlationVector":"Qz3UpxrmYAJesd/oPlhHBP.3","action":"ProcessGetUpdates", "result":"Done", "context":{"dataType":"Extensions", "deleted":"0", "process_failed_to_decrypt":"0", "process_pending_decryption":"0", "process_success":"2", "total":"2"}}
{"logTime": "0828/135626", "correlationVector":"Qz3UpxrmYAJesd/oPlhHBP.4","action":"ProcessGetUpdates", "result":"Done", "context":{"dataType":"Sessions", "deleted":"233", "process_failed_to_decrypt":"0", "process_pending_decryption":"0", "process_success":"233", "total":"233"}}
{"logTime": "0828/135626", "correlationVector":"Qz3UpxrmYAJesd/oPlhHBP.5","action":"ProcessGetUpdates", "result":"Done", "context":{"dataType":"Web Apps", "deleted":"0", "process_failed_to_decrypt":"0", "process_pending_decryption":"0", "process_success":"1", "total":"1"}}
{"logTime": "0828/135626", "correlationVector":"Qz3UpxrmYAJesd/oPlhHBP.6","action":"ProcessGetUpdates", "result":"Done", "context":{"dataType":"Edge Hub App Usage", "deleted":"5", "process_failed_to_decrypt":"0", "process_pending_decryption":"0", "process_success":"6", "total":"6"}}
{"logTime": "0828/135626", "correlationVector":"Qz3UpxrmYAJesd/oPlhHBP.7","action":"GetUpdates Response", "result":"Success", "context":Received 250 update(s). cV=Qz3UpxrmYAJesd/oPlhHBP.0;server=akswtt11600000i;cloudType=Consumer;environment=Prod_japanwest_prod-s01-066-apac-japanwest;migrationStage=NotStarted Some updates remain.}
{"logTime": "0828/135626", "correlationVector":"eUZGAa/39Gs1ffl0mDk/SC","action":"Initial GetUpdates", "result":"", "context":Reason: NEWLY_SUPPORTED_DATATYPE. cV=eUZGAa/39Gs1ffl0mDk/SC}
{"logTime": "0828/135626", "correlationVector":"eUZGAa/39Gs1ffl0mDk/SC.1","action":"SyncServerConnectionManagerRequest", "result":"SYNC_SERVER_OK", "context":{"environment":"Prod_japanwest_prod-s01-066-apac-japanwest", "migrationStage":"NotStarted", "server":"akswtt11600000i"}}
{"logTime": "0828/135626", "correlationVector":"eUZGAa/39Gs1ffl0mDk/SC.2","action":"ProcessGetUpdates", "result":"Done", "context":{"dataType":"Preferences", "deleted":"0", "process_failed_to_decrypt":"0", "process_pending_decryption":"0", "process_success":"1", "total":"1"}}
{"logTime": "0828/135626", "correlationVector":"eUZGAa/39Gs1ffl0mDk/SC.3","action":"ProcessGetUpdates", "result":"Done", "context":{"dataType":"Sessions", "deleted":"181", "process_failed_to_decrypt":"0", "process_pending_decryption":"0", "process_success":"181", "total":"181"}}
{"logTime": "0828/135626", "correlationVector":"eUZGAa/39Gs1ffl0mDk/SC.4","action":"ProcessGetUpdates", "result":"Done", "context":{"dataType":"Saved Tab Group", "deleted":"23", "process_failed_to_decrypt":"0", "process_pending_decryption":"0", "process_success":"61", "total":"61"}}
{"logTime": "0828/135626", "correlationVector":"eUZGAa/39Gs1ffl0mDk/SC.5","action":"ProcessGetUpdates", "result":"Done", "context":{"dataType":"Edge Hub App Usage", "deleted":"5", "process_failed_to_decrypt":"0", "process_pending_decryption":"0", "process_success":"7", "total":"7"}}
{"logTime": "0828/135626", "correlationVector":"eUZGAa/39Gs1ffl0mDk/SC.6","action":"GetUpdates Response", "result":"Success", "context":Received 250 update(s). cV=eUZGAa/39Gs1ffl0mDk/SC.0;server=akswtt11600000i;cloudType=Consumer;environment=Prod_japanwest_prod-s01-066-apac-japanwest;migrationStage=NotStarted Some updates remain.}
{"logTime": "0828/135626", "correlationVector":"9BVwj+Llbq/4z6Y7aMHwxG","action":"Initial GetUpdates", "result":"", "context":Reason: NEWLY_SUPPORTED_DATATYPE. cV=9BVwj+Llbq/4z6Y7aMHwxG}
{"logTime": "0828/135627", "correlationVector":"9BVwj+Llbq/4z6Y7aMHwxG.1","action":"SyncServerConnectionManagerRequest", "result":"SYNC_SERVER_OK", "context":{"environment":"Prod_japanwest_prod-s01-066-apac-japanwest", "migrationStage":"NotStarted", "server":"akswtt11600000c"}}
{"logTime": "0828/135627", "correlationVector":"9BVwj+Llbq/4z6Y7aMHwxG.2","action":"ProcessGetUpdates", "result":"Done", "context":{"dataType":"Bookmarks", "deleted":"0", "process_failed_to_decrypt":"0", "process_pending_decryption":"0", "process_success":"4", "total":"4"}}
{"logTime": "0828/135627", "correlationVector":"9BVwj+Llbq/4z6Y7aMHwxG.3","action":"ProcessGetUpdates", "result":"Done", "context":{"dataType":"Preferences", "deleted":"0", "process_failed_to_decrypt":"0", "process_pending_decryption":"0", "process_success":"2", "total":"2"}}
{"logTime": "0828/135627", "correlationVector":"9BVwj+Llbq/4z6Y7aMHwxG.4","action":"ProcessGetUpdates", "result":"Done", "context":{"dataType":"Sessions", "deleted":"214", "process_failed_to_decrypt":"0", "process_pending_decryption":"0", "process_success":"214", "total":"214"}}
{"logTime": "0828/135627", "correlationVector":"9BVwj+Llbq/4z6Y7aMHwxG.5","action":"ProcessGetUpdates", "result":"Done", "context":{"dataType":"Saved Tab Group", "deleted":"16", "process_failed_to_decrypt":"0", "process_pending_decryption":"0", "process_success":"22", "total":"22"}}
{"logTime": "0828/135627", "correlationVector":"9BVwj+Llbq/4z6Y7aMHwxG.6","action":"ProcessGetUpdates", "result":"Done", "context":{"dataType":"Edge Hub App Usage", "deleted":"8", "process_failed_to_decrypt":"0", "process_pending_decryption":"0", "process_success":"8", "total":"8"}}
{"logTime": "0828/135627", "correlationVector":"9BVwj+Llbq/4z6Y7aMHwxG.7","action":"GetUpdates Response", "result":"Success", "context":Received 250 update(s). cV=9BVwj+Llbq/4z6Y7aMHwxG.0;server=akswtt11600000c;cloudType=Consumer;environment=Prod_japanwest_prod-s01-066-apac-japanwest;migrationStage=NotStarted Some updates remain.}
{"logTime": "0828/135627", "correlationVector":"P3WdsMiTaEx0qb7ZEv0p4I","action":"Initial GetUpdates", "result":"", "context":Reason: NEWLY_SUPPORTED_DATATYPE. cV=P3WdsMiTaEx0qb7ZEv0p4I}
{"logTime": "0828/135627", "correlationVector":"P3WdsMiTaEx0qb7ZEv0p4I.1","action":"SyncServerConnectionManagerRequest", "result":"SYNC_SERVER_OK", "context":{"environment":"Prod_japanwest_prod-s01-066-apac-japanwest", "migrationStage":"NotStarted", "server":"akswtt11600000f"}}
{"logTime": "0828/135627", "correlationVector":"P3WdsMiTaEx0qb7ZEv0p4I.2","action":"ProcessGetUpdates", "result":"Done", "context":{"dataType":"Bookmarks", "deleted":"0", "process_failed_to_decrypt":"0", "process_pending_decryption":"0", "process_success":"1", "total":"1"}}
{"logTime": "0828/135627", "correlationVector":"P3WdsMiTaEx0qb7ZEv0p4I.3","action":"ProcessGetUpdates", "result":"Done", "context":{"dataType":"Extensions", "deleted":"0", "process_failed_to_decrypt":"0", "process_pending_decryption":"0", "process_success":"2", "total":"2"}}
{"logTime": "0828/135627", "correlationVector":"P3WdsMiTaEx0qb7ZEv0p4I.4","action":"ProcessGetUpdates", "result":"Done", "context":{"dataType":"Sessions", "deleted":"225", "process_failed_to_decrypt":"0", "process_pending_decryption":"0", "process_success":"225", "total":"225"}}
{"logTime": "0828/135627", "correlationVector":"P3WdsMiTaEx0qb7ZEv0p4I.5","action":"ProcessGetUpdates", "result":"Done", "context":{"dataType":"Saved Tab Group", "deleted":"12", "process_failed_to_decrypt":"0", "process_pending_decryption":"0", "process_success":"14", "total":"14"}}
{"logTime": "0828/135627", "correlationVector":"P3WdsMiTaEx0qb7ZEv0p4I.6","action":"ProcessGetUpdates", "result":"Done", "context":{"dataType":"Edge Hub App Usage", "deleted":"7", "process_failed_to_decrypt":"0", "process_pending_decryption":"0", "process_success":"8", "total":"8"}}
{"logTime": "0828/135627", "correlationVector":"P3WdsMiTaEx0qb7ZEv0p4I.7","action":"GetUpdates Response", "result":"Success", "context":Received 250 update(s). cV=P3WdsMiTaEx0qb7ZEv0p4I.0;server=akswtt11600000f;cloudType=Consumer;environment=Prod_japanwest_prod-s01-066-apac-japanwest;migrationStage=NotStarted Some updates remain.}
{"logTime": "0828/135627", "correlationVector":"nMeSIK9GLuoN9sKYVbNJnf","action":"Initial GetUpdates", "result":"", "context":Reason: NEWLY_SUPPORTED_DATATYPE. cV=nMeSIK9GLuoN9sKYVbNJnf}
{"logTime": "0828/135627", "correlationVector":"nMeSIK9GLuoN9sKYVbNJnf.1","action":"SyncServerConnectionManagerRequest", "result":"SYNC_SERVER_OK", "context":{"environment":"Prod_japanwest_prod-s01-066-apac-japanwest", "migrationStage":"NotStarted", "server":"akswtt11600000d"}}
{"logTime": "0828/135627", "correlationVector":"nMeSIK9GLuoN9sKYVbNJnf.2","action":"ProcessGetUpdates", "result":"Done", "context":{"dataType":"Bookmarks", "deleted":"0", "process_failed_to_decrypt":"0", "process_pending_decryption":"0", "process_success":"3", "total":"3"}}
{"logTime": "0828/135627", "correlationVector":"nMeSIK9GLuoN9sKYVbNJnf.3","action":"ProcessGetUpdates", "result":"Done", "context":{"dataType":"Preferences", "deleted":"0", "process_failed_to_decrypt":"0", "process_pending_decryption":"0", "process_success":"4", "total":"4"}}
{"logTime": "0828/135627", "correlationVector":"nMeSIK9GLuoN9sKYVbNJnf.4","action":"ProcessGetUpdates", "result":"Done", "context":{"dataType":"Extensions", "deleted":"0", "process_failed_to_decrypt":"0", "process_pending_decryption":"0", "process_success":"1", "total":"1"}}
{"logTime": "0828/135627", "correlationVector":"nMeSIK9GLuoN9sKYVbNJnf.5","action":"ProcessGetUpdates", "result":"Done", "context":{"dataType":"Sessions", "deleted":"237", "process_failed_to_decrypt":"0", "process_pending_decryption":"0", "process_success":"237", "total":"237"}}
{"logTime": "0828/135627", "correlationVector":"nMeSIK9GLuoN9sKYVbNJnf.6","action":"ProcessGetUpdates", "result":"Done", "context":{"dataType":"Saved Tab Group", "deleted":"1", "process_failed_to_decrypt":"0", "process_pending_decryption":"0", "process_success":"2", "total":"2"}}
{"logTime": "0828/135627", "correlationVector":"nMeSIK9GLuoN9sKYVbNJnf.7","action":"ProcessGetUpdates", "result":"Done", "context":{"dataType":"Edge Hub App Usage", "deleted":"0", "process_failed_to_decrypt":"0", "process_pending_decryption":"0", "process_success":"3", "total":"3"}}
{"logTime": "0828/135627", "correlationVector":"nMeSIK9GLuoN9sKYVbNJnf.8","action":"GetUpdates Response", "result":"Success", "context":Received 250 update(s). cV=nMeSIK9GLuoN9sKYVbNJnf.0;server=akswtt11600000d;cloudType=Consumer;environment=Prod_japanwest_prod-s01-066-apac-japanwest;migrationStage=NotStarted Some updates remain.}
{"logTime": "0828/135627", "correlationVector":"MW1A7cHocCgxFA621YYI7U","action":"Initial GetUpdates", "result":"", "context":Reason: NEWLY_SUPPORTED_DATATYPE. cV=MW1A7cHocCgxFA621YYI7U}
{"logTime": "0828/135627", "correlationVector":"MW1A7cHocCgxFA621YYI7U.1","action":"SyncServerConnectionManagerRequest", "result":"SYNC_SERVER_OK", "context":{"environment":"Prod_japanwest_prod-s01-066-apac-japanwest", "migrationStage":"NotStarted", "server":"akswtt11600000i"}}
{"logTime": "0828/135627", "correlationVector":"MW1A7cHocCgxFA621YYI7U.2","action":"ProcessGetUpdates", "result":"Done", "context":{"dataType":"Bookmarks", "deleted":"0", "process_failed_to_decrypt":"0", "process_pending_decryption":"0", "process_success":"3", "total":"3"}}
{"logTime": "0828/135627", "correlationVector":"MW1A7cHocCgxFA621YYI7U.3","action":"ProcessGetUpdates", "result":"Done", "context":{"dataType":"Preferences", "deleted":"17", "process_failed_to_decrypt":"0", "process_pending_decryption":"0", "process_success":"21", "total":"21"}}
{"logTime": "0828/135627", "correlationVector":"MW1A7cHocCgxFA621YYI7U.4","action":"ProcessGetUpdates", "result":"Done", "context":{"dataType":"Sessions", "deleted":"90", "process_failed_to_decrypt":"0", "process_pending_decryption":"0", "process_success":"103", "total":"103"}}
{"logTime": "0828/135627", "correlationVector":"MW1A7cHocCgxFA621YYI7U.5","action":"ProcessGetUpdates", "result":"Done", "context":{"dataType":"Saved Tab Group", "deleted":"3", "process_failed_to_decrypt":"0", "process_pending_decryption":"0", "process_success":"13", "total":"13"}}
{"logTime": "0828/135627", "correlationVector":"MW1A7cHocCgxFA621YYI7U.6","action":"GetUpdates Response", "result":"Success", "context":Received 140 update(s). cV=MW1A7cHocCgxFA621YYI7U.0;server=akswtt11600000i;cloudType=Consumer;environment=Prod_japanwest_prod-s01-066-apac-japanwest;migrationStage=NotStarted}
{"logTime": "0828/135628", "correlationVector":"k1oh15g06WZEQ6zjqU7HA1","action":"Initial GetUpdates", "result":"", "context":Reason: NEWLY_SUPPORTED_DATATYPE. cV=k1oh15g06WZEQ6zjqU7HA1}
{"logTime": "0828/135628", "correlationVector":"k1oh15g06WZEQ6zjqU7HA1.1","action":"SyncServerConnectionManagerRequest", "result":"SYNC_SERVER_OK", "context":{"environment":"Prod_japanwest_prod-s01-066-apac-japanwest", "migrationStage":"NotStarted", "server":"akswtt11600000d"}}
{"logTime": "0828/135628", "correlationVector":"k1oh15g06WZEQ6zjqU7HA1.2","action":"ProcessGetUpdates", "result":"Done", "context":{"dataType":"History", "deleted":"0", "process_failed_to_decrypt":"0", "process_pending_decryption":"0", "process_success":"250", "total":"250"}}
{"logTime": "0828/135628", "correlationVector":"k1oh15g06WZEQ6zjqU7HA1.3","action":"GetUpdates Response", "result":"Success", "context":Received 250 update(s). cV=k1oh15g06WZEQ6zjqU7HA1.0;server=akswtt11600000d;cloudType=Consumer;environment=Prod_japanwest_prod-s01-066-apac-japanwest;migrationStage=NotStarted Some updates remain.}
{"logTime": "0828/135628", "correlationVector":"9n7d/kzKauJdZXMTts/ohJ","action":"Initial GetUpdates", "result":"", "context":Reason: NEWLY_SUPPORTED_DATATYPE. cV=9n7d/kzKauJdZXMTts/ohJ}
{"logTime": "0828/135628", "correlationVector":"9n7d/kzKauJdZXMTts/ohJ.1","action":"SyncServerConnectionManagerRequest", "result":"SYNC_SERVER_OK", "context":{"environment":"Prod_japanwest_prod-s01-066-apac-japanwest", "migrationStage":"NotStarted", "server":"akswtt11600000o"}}
{"logTime": "0828/135628", "correlationVector":"9n7d/kzKauJdZXMTts/ohJ.2","action":"ProcessGetUpdates", "result":"Done", "context":{"dataType":"History", "deleted":"0", "process_failed_to_decrypt":"0", "process_pending_decryption":"0", "process_success":"250", "total":"250"}}
{"logTime": "0828/135628", "correlationVector":"9n7d/kzKauJdZXMTts/ohJ.3","action":"GetUpdates Response", "result":"Success", "context":Received 250 update(s). cV=9n7d/kzKauJdZXMTts/ohJ.0;server=akswtt11600000o;cloudType=Consumer;environment=Prod_japanwest_prod-s01-066-apac-japanwest;migrationStage=NotStarted Some updates remain.}
{"logTime": "0828/135628", "correlationVector":"BD7MuhYFuC4m6LOhW5Z5+c","action":"Initial GetUpdates", "result":"", "context":Reason: NEWLY_SUPPORTED_DATATYPE. cV=BD7MuhYFuC4m6LOhW5Z5+c}
{"logTime": "0828/135629", "correlationVector":"BD7MuhYFuC4m6LOhW5Z5+c.1","action":"SyncServerConnectionManagerRequest", "result":"SYNC_SERVER_OK", "context":{"environment":"Prod_japanwest_prod-s01-066-apac-japanwest", "migrationStage":"NotStarted", "server":"akswtt116000012"}}
{"logTime": "0828/135629", "correlationVector":"BD7MuhYFuC4m6LOhW5Z5+c.2","action":"ProcessGetUpdates", "result":"Done", "context":{"dataType":"History", "deleted":"0", "process_failed_to_decrypt":"0", "process_pending_decryption":"0", "process_success":"250", "total":"250"}}
{"logTime": "0828/135629", "correlationVector":"BD7MuhYFuC4m6LOhW5Z5+c.3","action":"GetUpdates Response", "result":"Success", "context":Received 250 update(s). cV=BD7MuhYFuC4m6LOhW5Z5+c.0;server=akswtt116000012;cloudType=Consumer;environment=Prod_japanwest_prod-s01-066-apac-japanwest;migrationStage=NotStarted Some updates remain.}
{"logTime": "0828/135629", "correlationVector":"eD/3dzTSCzEdXIQbDTHNJc","action":"Initial GetUpdates", "result":"", "context":Reason: NEWLY_SUPPORTED_DATATYPE. cV=eD/3dzTSCzEdXIQbDTHNJc}
{"logTime": "0828/135629", "correlationVector":"eD/3dzTSCzEdXIQbDTHNJc.1","action":"SyncServerConnectionManagerRequest", "result":"SYNC_SERVER_OK", "context":{"environment":"Prod_japanwest_prod-s01-066-apac-japanwest", "migrationStage":"NotStarted", "server":"akswtt11600000f"}}
{"logTime": "0828/135629", "correlationVector":"eD/3dzTSCzEdXIQbDTHNJc.2","action":"ProcessGetUpdates", "result":"Done", "context":{"dataType":"History", "deleted":"0", "process_failed_to_decrypt":"0", "process_pending_decryption":"0", "process_success":"250", "total":"250"}}
{"logTime": "0828/135629", "correlationVector":"eD/3dzTSCzEdXIQbDTHNJc.3","action":"GetUpdates Response", "result":"Success", "context":Received 250 update(s). cV=eD/3dzTSCzEdXIQbDTHNJc.0;server=akswtt11600000f;cloudType=Consumer;environment=Prod_japanwest_prod-s01-066-apac-japanwest;migrationStage=NotStarted Some updates remain.}
{"logTime": "0828/135629", "correlationVector":"qDA4dfrTgtwAaLqFapHT+I","action":"Initial GetUpdates", "result":"", "context":Reason: NEWLY_SUPPORTED_DATATYPE. cV=qDA4dfrTgtwAaLqFapHT+I}
{"logTime": "0828/135630", "correlationVector":"qDA4dfrTgtwAaLqFapHT+I.1","action":"SyncServerConnectionManagerRequest", "result":"SYNC_SERVER_OK", "context":{"environment":"Prod_japanwest_prod-s01-066-apac-japanwest", "migrationStage":"NotStarted", "server":"akswtt11600000n"}}
{"logTime": "0828/135630", "correlationVector":"qDA4dfrTgtwAaLqFapHT+I.2","action":"ProcessGetUpdates", "result":"Done", "context":{"dataType":"History", "deleted":"0", "process_failed_to_decrypt":"0", "process_pending_decryption":"0", "process_success":"250", "total":"250"}}
{"logTime": "0828/135630", "correlationVector":"qDA4dfrTgtwAaLqFapHT+I.3","action":"GetUpdates Response", "result":"Success", "context":Received 250 update(s). cV=qDA4dfrTgtwAaLqFapHT+I.0;server=akswtt11600000n;cloudType=Consumer;environment=Prod_japanwest_prod-s01-066-apac-japanwest;migrationStage=NotStarted Some updates remain.}
{"logTime": "0828/135630", "correlationVector":"QDRYWb4e12TeJWBzSyPjsy","action":"Initial GetUpdates", "result":"", "context":Reason: NEWLY_SUPPORTED_DATATYPE. cV=QDRYWb4e12TeJWBzSyPjsy}
{"logTime": "0828/135630", "correlationVector":"QDRYWb4e12TeJWBzSyPjsy.1","action":"SyncServerConnectionManagerRequest", "result":"SYNC_SERVER_OK", "context":{"environment":"Prod_japanwest_prod-s01-066-apac-japanwest", "migrationStage":"NotStarted", "server":"akswtt11600000e"}}
{"logTime": "0828/135630", "correlationVector":"QDRYWb4e12TeJWBzSyPjsy.2","action":"ProcessGetUpdates", "result":"Done", "context":{"dataType":"History", "deleted":"0", "process_failed_to_decrypt":"0", "process_pending_decryption":"0", "process_success":"250", "total":"250"}}
{"logTime": "0828/135630", "correlationVector":"QDRYWb4e12TeJWBzSyPjsy.3","action":"GetUpdates Response", "result":"Success", "context":Received 250 update(s). cV=QDRYWb4e12TeJWBzSyPjsy.0;server=akswtt11600000e;cloudType=Consumer;environment=Prod_japanwest_prod-s01-066-apac-japanwest;migrationStage=NotStarted Some updates remain.}
{"logTime": "0828/135630", "correlationVector":"XzTp1ISTPnvMMIif0MB639","action":"Initial GetUpdates", "result":"", "context":Reason: NEWLY_SUPPORTED_DATATYPE. cV=XzTp1ISTPnvMMIif0MB639}
{"logTime": "0828/135631", "correlationVector":"XzTp1ISTPnvMMIif0MB639.1","action":"SyncServerConnectionManagerRequest", "result":"SYNC_SERVER_OK", "context":{"environment":"Prod_japanwest_prod-s01-066-apac-japanwest", "migrationStage":"NotStarted", "server":"akswtt11600001l"}}
{"logTime": "0828/135631", "correlationVector":"XzTp1ISTPnvMMIif0MB639.2","action":"ProcessGetUpdates", "result":"Done", "context":{"dataType":"History", "deleted":"0", "process_failed_to_decrypt":"0", "process_pending_decryption":"0", "process_success":"250", "total":"250"}}
{"logTime": "0828/135631", "correlationVector":"XzTp1ISTPnvMMIif0MB639.3","action":"GetUpdates Response", "result":"Success", "context":Received 250 update(s). cV=XzTp1ISTPnvMMIif0MB639.0;server=akswtt11600001l;cloudType=Consumer;environment=Prod_japanwest_prod-s01-066-apac-japanwest;migrationStage=NotStarted Some updates remain.}
{"logTime": "0828/135631", "correlationVector":"CjI8ODiI1qBlHlzArAwVoK","action":"Initial GetUpdates", "result":"", "context":Reason: NEWLY_SUPPORTED_DATATYPE. cV=CjI8ODiI1qBlHlzArAwVoK}
{"logTime": "0828/135631", "correlationVector":"CjI8ODiI1qBlHlzArAwVoK.1","action":"SyncServerConnectionManagerRequest", "result":"SYNC_SERVER_OK", "context":{"environment":"Prod_japanwest_prod-s01-066-apac-japanwest", "migrationStage":"NotStarted", "server":"akswtt116000012"}}
{"logTime": "0828/135631", "correlationVector":"CjI8ODiI1qBlHlzArAwVoK.2","action":"ProcessGetUpdates", "result":"Done", "context":{"dataType":"History", "deleted":"0", "process_failed_to_decrypt":"0", "process_pending_decryption":"0", "process_success":"250", "total":"250"}}
{"logTime": "0828/135631", "correlationVector":"CjI8ODiI1qBlHlzArAwVoK.3","action":"GetUpdates Response", "result":"Success", "context":Received 250 update(s). cV=CjI8ODiI1qBlHlzArAwVoK.0;server=akswtt116000012;cloudType=Consumer;environment=Prod_japanwest_prod-s01-066-apac-japanwest;migrationStage=NotStarted Some updates remain.}
{"logTime": "0828/135631", "correlationVector":"jbZKB0vTVFeGL4MyZXTcMb","action":"Initial GetUpdates", "result":"", "context":Reason: NEWLY_SUPPORTED_DATATYPE. cV=jbZKB0vTVFeGL4MyZXTcMb}
{"logTime": "0828/135631", "correlationVector":"jbZKB0vTVFeGL4MyZXTcMb.1","action":"SyncServerConnectionManagerRequest", "result":"SYNC_SERVER_OK", "context":{"environment":"Prod_japanwest_prod-s01-066-apac-japanwest", "migrationStage":"NotStarted", "server":"akswtt11600000v"}}
{"logTime": "0828/135631", "correlationVector":"jbZKB0vTVFeGL4MyZXTcMb.2","action":"ProcessGetUpdates", "result":"Done", "context":{"dataType":"History", "deleted":"0", "process_failed_to_decrypt":"0", "process_pending_decryption":"0", "process_success":"250", "total":"250"}}
{"logTime": "0828/135631", "correlationVector":"jbZKB0vTVFeGL4MyZXTcMb.3","action":"GetUpdates Response", "result":"Success", "context":Received 250 update(s). cV=jbZKB0vTVFeGL4MyZXTcMb.0;server=akswtt11600000v;cloudType=Consumer;environment=Prod_japanwest_prod-s01-066-apac-japanwest;migrationStage=NotStarted Some updates remain.}
{"logTime": "0828/135631", "correlationVector":"xCYcpcOlurMhHTXbtO2SEX","action":"Initial GetUpdates", "result":"", "context":Reason: NEWLY_SUPPORTED_DATATYPE. cV=xCYcpcOlurMhHTXbtO2SEX}
{"logTime": "0828/135632", "correlationVector":"xCYcpcOlurMhHTXbtO2SEX.1","action":"SyncServerConnectionManagerRequest", "result":"SYNC_SERVER_OK", "context":{"environment":"Prod_japanwest_prod-s01-066-apac-japanwest", "migrationStage":"NotStarted", "server":"akswtt11600000d"}}
{"logTime": "0828/135632", "correlationVector":"xCYcpcOlurMhHTXbtO2SEX.2","action":"ProcessGetUpdates", "result":"Done", "context":{"dataType":"History", "deleted":"0", "process_failed_to_decrypt":"0", "process_pending_decryption":"0", "process_success":"250", "total":"250"}}
{"logTime": "0828/135632", "correlationVector":"xCYcpcOlurMhHTXbtO2SEX.3","action":"GetUpdates Response", "result":"Success", "context":Received 250 update(s). cV=xCYcpcOlurMhHTXbtO2SEX.0;server=akswtt11600000d;cloudType=Consumer;environment=Prod_japanwest_prod-s01-066-apac-japanwest;migrationStage=NotStarted Some updates remain.}
{"logTime": "0828/135632", "correlationVector":"oA0pvzh5eCpgLtfw+Y7YY8","action":"Initial GetUpdates", "result":"", "context":Reason: NEWLY_SUPPORTED_DATATYPE. cV=oA0pvzh5eCpgLtfw+Y7YY8}
{"logTime": "0828/135632", "correlationVector":"oA0pvzh5eCpgLtfw+Y7YY8.1","action":"SyncServerConnectionManagerRequest", "result":"SYNC_SERVER_OK", "context":{"environment":"Prod_japanwest_prod-s01-066-apac-japanwest", "migrationStage":"NotStarted", "server":"akswtt11600000n"}}
{"logTime": "0828/135632", "correlationVector":"oA0pvzh5eCpgLtfw+Y7YY8.2","action":"ProcessGetUpdates", "result":"Done", "context":{"dataType":"History", "deleted":"0", "process_failed_to_decrypt":"0", "process_pending_decryption":"0", "process_success":"250", "total":"250"}}
{"logTime": "0828/135632", "correlationVector":"oA0pvzh5eCpgLtfw+Y7YY8.3","action":"GetUpdates Response", "result":"Success", "context":Received 250 update(s). cV=oA0pvzh5eCpgLtfw+Y7YY8.0;server=akswtt11600000n;cloudType=Consumer;environment=Prod_japanwest_prod-s01-066-apac-japanwest;migrationStage=NotStarted Some updates remain.}
{"logTime": "0828/135632", "correlationVector":"4NXei9WYRP5DU4+2YJN7ht","action":"Initial GetUpdates", "result":"", "context":Reason: NEWLY_SUPPORTED_DATATYPE. cV=4NXei9WYRP5DU4+2YJN7ht}
{"logTime": "0828/135632", "correlationVector":"4NXei9WYRP5DU4+2YJN7ht.1","action":"SyncServerConnectionManagerRequest", "result":"SYNC_SERVER_OK", "context":{"environment":"Prod_japanwest_prod-s01-066-apac-japanwest", "migrationStage":"NotStarted", "server":"akswtt11600000j"}}
{"logTime": "0828/135632", "correlationVector":"4NXei9WYRP5DU4+2YJN7ht.2","action":"ProcessGetUpdates", "result":"Done", "context":{"dataType":"History", "deleted":"0", "process_failed_to_decrypt":"0", "process_pending_decryption":"0", "process_success":"250", "total":"250"}}
{"logTime": "0828/135632", "correlationVector":"4NXei9WYRP5DU4+2YJN7ht.3","action":"GetUpdates Response", "result":"Success", "context":Received 250 update(s). cV=4NXei9WYRP5DU4+2YJN7ht.0;server=akswtt11600000j;cloudType=Consumer;environment=Prod_japanwest_prod-s01-066-apac-japanwest;migrationStage=NotStarted Some updates remain.}
{"logTime": "0828/135632", "correlationVector":"hLrRxkzWLskSVZOJpJQHor","action":"Initial GetUpdates", "result":"", "context":Reason: NEWLY_SUPPORTED_DATATYPE. cV=hLrRxkzWLskSVZOJpJQHor}
{"logTime": "0828/135633", "correlationVector":"hLrRxkzWLskSVZOJpJQHor.1","action":"SyncServerConnectionManagerRequest", "result":"SYNC_SERVER_OK", "context":{"environment":"Prod_japanwest_prod-s01-066-apac-japanwest", "migrationStage":"NotStarted", "server":"akswtt11600001l"}}
{"logTime": "0828/135633", "correlationVector":"hLrRxkzWLskSVZOJpJQHor.2","action":"ProcessGetUpdates", "result":"Done", "context":{"dataType":"History", "deleted":"0", "process_failed_to_decrypt":"0", "process_pending_decryption":"0", "process_success":"250", "total":"250"}}
{"logTime": "0828/135633", "correlationVector":"hLrRxkzWLskSVZOJpJQHor.3","action":"GetUpdates Response", "result":"Success", "context":Received 250 update(s). cV=hLrRxkzWLskSVZOJpJQHor.0;server=akswtt11600001l;cloudType=Consumer;environment=Prod_japanwest_prod-s01-066-apac-japanwest;migrationStage=NotStarted Some updates remain.}
{"logTime": "0828/135633", "correlationVector":"4bssbJaiz66XEG1Ar4uXtS","action":"Initial GetUpdates", "result":"", "context":Reason: NEWLY_SUPPORTED_DATATYPE. cV=4bssbJaiz66XEG1Ar4uXtS}
{"logTime": "0828/135633", "correlationVector":"4bssbJaiz66XEG1Ar4uXtS.1","action":"SyncServerConnectionManagerRequest", "result":"SYNC_SERVER_OK", "context":{"environment":"Prod_japanwest_prod-s01-066-apac-japanwest", "migrationStage":"NotStarted", "server":"akswtt11600001h"}}
{"logTime": "0828/135633", "correlationVector":"4bssbJaiz66XEG1Ar4uXtS.2","action":"ProcessGetUpdates", "result":"Done", "context":{"dataType":"History", "deleted":"0", "process_failed_to_decrypt":"0", "process_pending_decryption":"0", "process_success":"250", "total":"250"}}
{"logTime": "0828/135633", "correlationVector":"4bssbJaiz66XEG1Ar4uXtS.3","action":"GetUpdates Response", "result":"Success", "context":Received 250 update(s). cV=4bssbJaiz66XEG1Ar4uXtS.0;server=akswtt11600001h;cloudType=Consumer;environment=Prod_japanwest_prod-s01-066-apac-japanwest;migrationStage=NotStarted Some updates remain.}
{"logTime": "0828/135633", "correlationVector":"16fulr9Mt/tM5tLldz3TpM","action":"Initial GetUpdates", "result":"", "context":Reason: NEWLY_SUPPORTED_DATATYPE. cV=16fulr9Mt/tM5tLldz3TpM}
{"logTime": "0828/135634", "correlationVector":"16fulr9Mt/tM5tLldz3TpM.1","action":"SyncServerConnectionManagerRequest", "result":"SYNC_SERVER_OK", "context":{"environment":"Prod_japanwest_prod-s01-066-apac-japanwest", "migrationStage":"NotStarted", "server":"akswtt116000000"}}
{"logTime": "0828/135634", "correlationVector":"16fulr9Mt/tM5tLldz3TpM.2","action":"ProcessGetUpdates", "result":"Done", "context":{"dataType":"History", "deleted":"0", "process_failed_to_decrypt":"0", "process_pending_decryption":"0", "process_success":"250", "total":"250"}}
{"logTime": "0828/135634", "correlationVector":"16fulr9Mt/tM5tLldz3TpM.3","action":"GetUpdates Response", "result":"Success", "context":Received 250 update(s). cV=16fulr9Mt/tM5tLldz3TpM.0;server=akswtt116000000;cloudType=Consumer;environment=Prod_japanwest_prod-s01-066-apac-japanwest;migrationStage=NotStarted Some updates remain.}
{"logTime": "0828/135634", "correlationVector":"bxzUcoxcYPaGD54fldag/t","action":"Initial GetUpdates", "result":"", "context":Reason: NEWLY_SUPPORTED_DATATYPE. cV=bxzUcoxcYPaGD54fldag/t}
{"logTime": "0828/135634", "correlationVector":"bxzUcoxcYPaGD54fldag/t.1","action":"SyncServerConnectionManagerRequest", "result":"SYNC_SERVER_OK", "context":{"environment":"Prod_japanwest_prod-s01-066-apac-japanwest", "migrationStage":"NotStarted", "server":"akswtt11600000q"}}
{"logTime": "0828/135634", "correlationVector":"bxzUcoxcYPaGD54fldag/t.2","action":"ProcessGetUpdates", "result":"Done", "context":{"dataType":"History", "deleted":"0", "process_failed_to_decrypt":"0", "process_pending_decryption":"0", "process_success":"250", "total":"250"}}
{"logTime": "0828/135634", "correlationVector":"bxzUcoxcYPaGD54fldag/t.3","action":"GetUpdates Response", "result":"Success", "context":Received 250 update(s). cV=bxzUcoxcYPaGD54fldag/t.0;server=akswtt11600000q;cloudType=Consumer;environment=Prod_japanwest_prod-s01-066-apac-japanwest;migrationStage=NotStarted Some updates remain.}
{"logTime": "0828/135634", "correlationVector":"c+P8RZFpo1bFU9v+tqsO6h","action":"Initial GetUpdates", "result":"", "context":Reason: NEWLY_SUPPORTED_DATATYPE. cV=c+P8RZFpo1bFU9v+tqsO6h}
{"logTime": "0828/135634", "correlationVector":"c+P8RZFpo1bFU9v+tqsO6h.1","action":"SyncServerConnectionManagerRequest", "result":"SYNC_SERVER_OK", "context":{"environment":"Prod_japanwest_prod-s01-066-apac-japanwest", "migrationStage":"NotStarted", "server":"akswtt11600000i"}}
{"logTime": "0828/135634", "correlationVector":"c+P8RZFpo1bFU9v+tqsO6h.2","action":"ProcessGetUpdates", "result":"Done", "context":{"dataType":"History", "deleted":"0", "process_failed_to_decrypt":"0", "process_pending_decryption":"0", "process_success":"250", "total":"250"}}
{"logTime": "0828/135634", "correlationVector":"c+P8RZFpo1bFU9v+tqsO6h.3","action":"GetUpdates Response", "result":"Success", "context":Received 250 update(s). cV=c+P8RZFpo1bFU9v+tqsO6h.0;server=akswtt11600000i;cloudType=Consumer;environment=Prod_japanwest_prod-s01-066-apac-japanwest;migrationStage=NotStarted Some updates remain.}
{"logTime": "0828/135634", "correlationVector":"nc4l06CpfEVyxZA6Tq8Hdp","action":"Initial GetUpdates", "result":"", "context":Reason: NEWLY_SUPPORTED_DATATYPE. cV=nc4l06CpfEVyxZA6Tq8Hdp}
{"logTime": "0828/135635", "correlationVector":"nc4l06CpfEVyxZA6Tq8Hdp.1","action":"SyncServerConnectionManagerRequest", "result":"SYNC_SERVER_OK", "context":{"environment":"Prod_japanwest_prod-s01-066-apac-japanwest", "migrationStage":"NotStarted", "server":"akswtt11600000f"}}
{"logTime": "0828/135635", "correlationVector":"nc4l06CpfEVyxZA6Tq8Hdp.2","action":"ProcessGetUpdates", "result":"Done", "context":{"dataType":"History", "deleted":"0", "process_failed_to_decrypt":"0", "process_pending_decryption":"0", "process_success":"250", "total":"250"}}
{"logTime": "0828/135635", "correlationVector":"nc4l06CpfEVyxZA6Tq8Hdp.3","action":"GetUpdates Response", "result":"Success", "context":Received 250 update(s). cV=nc4l06CpfEVyxZA6Tq8Hdp.0;server=akswtt11600000f;cloudType=Consumer;environment=Prod_japanwest_prod-s01-066-apac-japanwest;migrationStage=NotStarted Some updates remain.}
{"logTime": "0828/135635", "correlationVector":"Ra37MVXLVhy7IoX9pjzSyM","action":"Initial GetUpdates", "result":"", "context":Reason: NEWLY_SUPPORTED_DATATYPE. cV=Ra37MVXLVhy7IoX9pjzSyM}
{"logTime": "0828/135635", "correlationVector":"Ra37MVXLVhy7IoX9pjzSyM.1","action":"SyncServerConnectionManagerRequest", "result":"SYNC_SERVER_OK", "context":{"environment":"Prod_japanwest_prod-s01-066-apac-japanwest", "migrationStage":"NotStarted", "server":"akswtt11600000j"}}
{"logTime": "0828/135635", "correlationVector":"Ra37MVXLVhy7IoX9pjzSyM.2","action":"ProcessGetUpdates", "result":"Done", "context":{"dataType":"History", "deleted":"0", "process_failed_to_decrypt":"0", "process_pending_decryption":"0", "process_success":"250", "total":"250"}}
{"logTime": "0828/135635", "correlationVector":"Ra37MVXLVhy7IoX9pjzSyM.3","action":"GetUpdates Response", "result":"Success", "context":Received 250 update(s). cV=Ra37MVXLVhy7IoX9pjzSyM.0;server=akswtt11600000j;cloudType=Consumer;environment=Prod_japanwest_prod-s01-066-apac-japanwest;migrationStage=NotStarted Some updates remain.}
{"logTime": "0828/135635", "correlationVector":"XNLb0e97GNJWZiVi2Jjsj9","action":"Initial GetUpdates", "result":"", "context":Reason: NEWLY_SUPPORTED_DATATYPE. cV=XNLb0e97GNJWZiVi2Jjsj9}
{"logTime": "0828/135636", "correlationVector":"XNLb0e97GNJWZiVi2Jjsj9.1","action":"SyncServerConnectionManagerRequest", "result":"SYNC_SERVER_OK", "context":{"environment":"Prod_japanwest_prod-s01-066-apac-japanwest", "migrationStage":"NotStarted", "server":"akswtt11600000o"}}
{"logTime": "0828/135636", "correlationVector":"XNLb0e97GNJWZiVi2Jjsj9.2","action":"ProcessGetUpdates", "result":"Done", "context":{"dataType":"History", "deleted":"0", "process_failed_to_decrypt":"0", "process_pending_decryption":"0", "process_success":"250", "total":"250"}}
{"logTime": "0828/135636", "correlationVector":"XNLb0e97GNJWZiVi2Jjsj9.3","action":"GetUpdates Response", "result":"Success", "context":Received 250 update(s). cV=XNLb0e97GNJWZiVi2Jjsj9.0;server=akswtt11600000o;cloudType=Consumer;environment=Prod_japanwest_prod-s01-066-apac-japanwest;migrationStage=NotStarted Some updates remain.}
{"logTime": "0828/135636", "correlationVector":"e21yNnhWCdEM10slSDpwmx","action":"Initial GetUpdates", "result":"", "context":Reason: NEWLY_SUPPORTED_DATATYPE. cV=e21yNnhWCdEM10slSDpwmx}
{"logTime": "0828/135636", "correlationVector":"e21yNnhWCdEM10slSDpwmx.1","action":"SyncServerConnectionManagerRequest", "result":"SYNC_SERVER_OK", "context":{"environment":"Prod_japanwest_prod-s01-066-apac-japanwest", "migrationStage":"NotStarted", "server":"akswtt11600000l"}}
{"logTime": "0828/135636", "correlationVector":"e21yNnhWCdEM10slSDpwmx.2","action":"ProcessGetUpdates", "result":"Done", "context":{"dataType":"History", "deleted":"0", "process_failed_to_decrypt":"0", "process_pending_decryption":"0", "process_success":"250", "total":"250"}}
{"logTime": "0828/135636", "correlationVector":"e21yNnhWCdEM10slSDpwmx.3","action":"GetUpdates Response", "result":"Success", "context":Received 250 update(s). cV=e21yNnhWCdEM10slSDpwmx.0;server=akswtt11600000l;cloudType=Consumer;environment=Prod_japanwest_prod-s01-066-apac-japanwest;migrationStage=NotStarted Some updates remain.}
{"logTime": "0828/135636", "correlationVector":"17kJxYHT1mWpbPRlcmmgrv","action":"Initial GetUpdates", "result":"", "context":Reason: NEWLY_SUPPORTED_DATATYPE. cV=17kJxYHT1mWpbPRlcmmgrv}
{"logTime": "0828/135637", "correlationVector":"17kJxYHT1mWpbPRlcmmgrv.1","action":"SyncServerConnectionManagerRequest", "result":"SYNC_SERVER_OK", "context":{"environment":"Prod_japanwest_prod-s01-066-apac-japanwest", "migrationStage":"NotStarted", "server":"akswtt11600000v"}}
{"logTime": "0828/135637", "correlationVector":"17kJxYHT1mWpbPRlcmmgrv.2","action":"ProcessGetUpdates", "result":"Done", "context":{"dataType":"History", "deleted":"0", "process_failed_to_decrypt":"0", "process_pending_decryption":"0", "process_success":"250", "total":"250"}}
{"logTime": "0828/135637", "correlationVector":"17kJxYHT1mWpbPRlcmmgrv.3","action":"GetUpdates Response", "result":"Success", "context":Received 250 update(s). cV=17kJxYHT1mWpbPRlcmmgrv.0;server=akswtt11600000v;cloudType=Consumer;environment=Prod_japanwest_prod-s01-066-apac-japanwest;migrationStage=NotStarted Some updates remain.}
{"logTime": "0828/135637", "correlationVector":"eJ10pWoNl8rcCpYDx+ImW/","action":"Initial GetUpdates", "result":"", "context":Reason: NEWLY_SUPPORTED_DATATYPE. cV=eJ10pWoNl8rcCpYDx+ImW/}
{"logTime": "0828/135637", "correlationVector":"eJ10pWoNl8rcCpYDx+ImW/.1","action":"SyncServerConnectionManagerRequest", "result":"SYNC_SERVER_OK", "context":{"environment":"Prod_japanwest_prod-s01-066-apac-japanwest", "migrationStage":"NotStarted", "server":"akswtt11600000o"}}
{"logTime": "0828/135637", "correlationVector":"eJ10pWoNl8rcCpYDx+ImW/.2","action":"ProcessGetUpdates", "result":"Done", "context":{"dataType":"History", "deleted":"0", "process_failed_to_decrypt":"0", "process_pending_decryption":"0", "process_success":"250", "total":"250"}}
{"logTime": "0828/135637", "correlationVector":"eJ10pWoNl8rcCpYDx+ImW/.3","action":"GetUpdates Response", "result":"Success", "context":Received 250 update(s). cV=eJ10pWoNl8rcCpYDx+ImW/.0;server=akswtt11600000o;cloudType=Consumer;environment=Prod_japanwest_prod-s01-066-apac-japanwest;migrationStage=NotStarted Some updates remain.}
{"logTime": "0828/135637", "correlationVector":"Scdq7LV3t8B9cNMtWi2tTI","action":"Initial GetUpdates", "result":"", "context":Reason: NEWLY_SUPPORTED_DATATYPE. cV=Scdq7LV3t8B9cNMtWi2tTI}
{"logTime": "0828/135637", "correlationVector":"Scdq7LV3t8B9cNMtWi2tTI.1","action":"SyncServerConnectionManagerRequest", "result":"SYNC_SERVER_OK", "context":{"environment":"Prod_japanwest_prod-s01-066-apac-japanwest", "migrationStage":"NotStarted", "server":"akswtt11600000n"}}
{"logTime": "0828/135637", "correlationVector":"Scdq7LV3t8B9cNMtWi2tTI.2","action":"ProcessGetUpdates", "result":"Done", "context":{"dataType":"History", "deleted":"0", "process_failed_to_decrypt":"0", "process_pending_decryption":"0", "process_success":"250", "total":"250"}}
{"logTime": "0828/135637", "correlationVector":"Scdq7LV3t8B9cNMtWi2tTI.3","action":"GetUpdates Response", "result":"Success", "context":Received 250 update(s). cV=Scdq7LV3t8B9cNMtWi2tTI.0;server=akswtt11600000n;cloudType=Consumer;environment=Prod_japanwest_prod-s01-066-apac-japanwest;migrationStage=NotStarted Some updates remain.}
{"logTime": "0828/135637", "correlationVector":"MQdRRnyno2UJQiGTB8A4y2","action":"Initial GetUpdates", "result":"", "context":Reason: NEWLY_SUPPORTED_DATATYPE. cV=MQdRRnyno2UJQiGTB8A4y2}
{"logTime": "0828/135638", "correlationVector":"MQdRRnyno2UJQiGTB8A4y2.1","action":"SyncServerConnectionManagerRequest", "result":"SYNC_SERVER_OK", "context":{"environment":"Prod_japanwest_prod-s01-066-apac-japanwest", "migrationStage":"NotStarted", "server":"akswtt11600000f"}}
{"logTime": "0828/135638", "correlationVector":"MQdRRnyno2UJQiGTB8A4y2.2","action":"ProcessGetUpdates", "result":"Done", "context":{"dataType":"History", "deleted":"0", "process_failed_to_decrypt":"0", "process_pending_decryption":"0", "process_success":"250", "total":"250"}}
{"logTime": "0828/135638", "correlationVector":"MQdRRnyno2UJQiGTB8A4y2.3","action":"GetUpdates Response", "result":"Success", "context":Received 250 update(s). cV=MQdRRnyno2UJQiGTB8A4y2.0;server=akswtt11600000f;cloudType=Consumer;environment=Prod_japanwest_prod-s01-066-apac-japanwest;migrationStage=NotStarted Some updates remain.}
{"logTime": "0828/135638", "correlationVector":"npU2Fu9UI8/6XJHdfu1mG5","action":"Initial GetUpdates", "result":"", "context":Reason: NEWLY_SUPPORTED_DATATYPE. cV=npU2Fu9UI8/6XJHdfu1mG5}
{"logTime": "0828/135638", "correlationVector":"npU2Fu9UI8/6XJHdfu1mG5.1","action":"SyncServerConnectionManagerRequest", "result":"SYNC_SERVER_OK", "context":{"environment":"Prod_japanwest_prod-s01-066-apac-japanwest", "migrationStage":"NotStarted", "server":"akswtt11600001l"}}
{"logTime": "0828/135638", "correlationVector":"npU2Fu9UI8/6XJHdfu1mG5.2","action":"ProcessGetUpdates", "result":"Done", "context":{"dataType":"History", "deleted":"0", "process_failed_to_decrypt":"0", "process_pending_decryption":"0", "process_success":"250", "total":"250"}}
{"logTime": "0828/135638", "correlationVector":"npU2Fu9UI8/6XJHdfu1mG5.3","action":"GetUpdates Response", "result":"Success", "context":Received 250 update(s). cV=npU2Fu9UI8/6XJHdfu1mG5.0;server=akswtt11600001l;cloudType=Consumer;environment=Prod_japanwest_prod-s01-066-apac-japanwest;migrationStage=NotStarted Some updates remain.}
{"logTime": "0828/135638", "correlationVector":"01VddrEG4Vhr1xgWRYgc0/","action":"Initial GetUpdates", "result":"", "context":Reason: NEWLY_SUPPORTED_DATATYPE. cV=01VddrEG4Vhr1xgWRYgc0/}
{"logTime": "0828/135639", "correlationVector":"01VddrEG4Vhr1xgWRYgc0/.1","action":"SyncServerConnectionManagerRequest", "result":"SYNC_SERVER_OK", "context":{"environment":"Prod_japanwest_prod-s01-066-apac-japanwest", "migrationStage":"NotStarted", "server":"akswtt11600000e"}}
{"logTime": "0828/135639", "correlationVector":"01VddrEG4Vhr1xgWRYgc0/.2","action":"ProcessGetUpdates", "result":"Done", "context":{"dataType":"History", "deleted":"0", "process_failed_to_decrypt":"0", "process_pending_decryption":"0", "process_success":"46", "total":"46"}}
{"logTime": "0828/135639", "correlationVector":"01VddrEG4Vhr1xgWRYgc0/.3","action":"GetUpdates Response", "result":"Success", "context":Received 46 update(s). cV=01VddrEG4Vhr1xgWRYgc0/.0;server=akswtt11600000e;cloudType=Consumer;environment=Prod_japanwest_prod-s01-066-apac-japanwest;migrationStage=NotStarted}
{"logTime": "0828/135639", "correlationVector":"xGyL99xOpOkvtu0xEWEVkK","action":"Normal GetUpdate request", "result":"", "context":cV=xGyL99xOpOkvtu0xEWEVkK
Nudged types: Preferences, Passwords, Sessions, Device Info, History
Refresh requested types: Bookmarks, Preferences, Passwords, Autofill Profiles, Autofill, Extensions, Sessions, Extension settings, History Delete Directives, Device Info, User Consents, Send Tab To Self, Web Apps, History, Saved Tab Group, WebAuthn Credentials, Edge E Drop, Edge Hub App Usage, Edge Workspace, Encryption Keys}
{"logTime": "0828/135639", "correlationVector":"xGyL99xOpOkvtu0xEWEVkK.1","action":"SyncServerConnectionManagerRequest", "result":"SYNC_SERVER_OK", "context":{"environment":"Prod_japanwest_prod-s01-066-apac-japanwest", "migrationStage":"NotStarted", "server":"akswtt11600000n"}}
{"logTime": "0828/135639", "correlationVector":"xGyL99xOpOkvtu0xEWEVkK.2","action":"GetUpdates Response", "result":"Success", "context":Received 0 update(s). cV=xGyL99xOpOkvtu0xEWEVkK.0;server=akswtt11600000n;cloudType=Consumer;environment=Prod_japanwest_prod-s01-066-apac-japanwest;migrationStage=NotStarted}
{"logTime": "0828/135639", "correlationVector":"5bi2V7Af/5O72+RENuI4IO","action":"Commit Request", "result":"", "context":Item count: 40
Contributing types: Passwords}
{"logTime": "0828/135641", "correlationVector":"5bi2V7Af/5O72+RENuI4IO.1","action":"SyncServerConnectionManagerRequest", "result":"SYNC_SERVER_OK", "context":{"environment":"Prod_japanwest_prod-s01-066-apac-japanwest", "migrationStage":"NotStarted", "server":"akswtt11600000l"}}
{"logTime": "0828/135641", "correlationVector":"5bi2V7Af/5O72+RENuI4IO.2","action":"Commit Response", "result":"Success", "context":Result: Success. cV=5bi2V7Af/5O72+RENuI4IO.0;server=akswtt11600000l;cloudType=Consumer;environment=Prod_japanwest_prod-s01-066-apac-japanwest;migrationStage=NotStarted}
{"logTime": "0828/135641", "correlationVector":"74Q7OXsrrX4+jghYKriVx9","action":"Commit Request", "result":"", "context":Item count: 40
Contributing types: Passwords}
{"logTime": "0828/135643", "correlationVector":"74Q7OXsrrX4+jghYKriVx9.1","action":"SyncServerConnectionManagerRequest", "result":"SYNC_SERVER_OK", "context":{"environment":"Prod_japanwest_prod-s01-066-apac-japanwest", "migrationStage":"NotStarted", "server":"akswtt11600000n"}}
{"logTime": "0828/135643", "correlationVector":"74Q7OXsrrX4+jghYKriVx9.2","action":"Commit Response", "result":"Success", "context":Result: Success. cV=74Q7OXsrrX4+jghYKriVx9.0;server=akswtt11600000n;cloudType=Consumer;environment=Prod_japanwest_prod-s01-066-apac-japanwest;migrationStage=NotStarted}
{"logTime": "0828/135643", "correlationVector":"3Tb+2O5F20VuuDjuuPYm4J","action":"Commit Request", "result":"", "context":Item count: 21
Contributing types: Preferences, Passwords, Sessions, Device Info, History}
{"logTime": "0828/135644", "correlationVector":"3Tb+2O5F20VuuDjuuPYm4J.1","action":"SyncServerConnectionManagerRequest", "result":"SYNC_SERVER_OK", "context":{"environment":"Prod_japanwest_prod-s01-066-apac-japanwest", "migrationStage":"NotStarted", "server":"akswtt11600000e"}}
{"logTime": "0828/135644", "correlationVector":"3Tb+2O5F20VuuDjuuPYm4J.2","action":"Commit Response", "result":"Success", "context":Result: Success. cV=3Tb+2O5F20VuuDjuuPYm4J.0;server=akswtt11600000e;cloudType=Consumer;environment=Prod_japanwest_prod-s01-066-apac-japanwest;migrationStage=NotStarted}
{"logTime": "0828/135716", "correlationVector":"Kf+K9RnWEp/zGwZ0mvEN6H","action":"Commit Request", "result":"", "context":Item count: 3
Contributing types: Preferences, Sessions, History}
{"logTime": "0828/135717", "correlationVector":"Kf+K9RnWEp/zGwZ0mvEN6H.1","action":"SyncServerConnectionManagerRequest", "result":"SYNC_SERVER_OK", "context":{"environment":"Prod_japanwest_prod-s01-066-apac-japanwest", "migrationStage":"NotStarted", "server":"akswtt11600000u"}}
{"logTime": "0828/135717", "correlationVector":"Kf+K9RnWEp/zGwZ0mvEN6H.2","action":"Commit Response", "result":"Success", "context":Result: Success. cV=Kf+K9RnWEp/zGwZ0mvEN6H.0;server=akswtt11600000u;cloudType=Consumer;environment=Prod_japanwest_prod-s01-066-apac-japanwest;migrationStage=NotStarted}
{"logTime": "0828/140116", "correlationVector":"ivxvf/zdO0S/jXohBrajRT","action":"Commit Request", "result":"", "context":Item count: 1
Contributing types: Preferences}
{"logTime": "0828/140117", "correlationVector":"ivxvf/zdO0S/jXohBrajRT.1","action":"SyncServerConnectionManagerRequest", "result":"SYNC_SERVER_OK", "context":{"environment":"Prod_japanwest_prod-s01-066-apac-japanwest", "migrationStage":"NotStarted", "server":"akswtt11600000m"}}
{"logTime": "0828/140117", "correlationVector":"ivxvf/zdO0S/jXohBrajRT.3","action":"Commit.Preferences", "result":"Success", "context":{"id":"7952a0de-5409-4cb0-8e08-6820583bdba8", "isDeleted":"true", "size":"0", "version":"1787925437273"}}
{"logTime": "0828/140117", "correlationVector":"ivxvf/zdO0S/jXohBrajRT.2","action":"Commit Response", "result":"Success", "context":Result: Success. cV=ivxvf/zdO0S/jXohBrajRT.0;server=akswtt11600000m;cloudType=Consumer;environment=Prod_japanwest_prod-s01-066-apac-japanwest;migrationStage=NotStarted}
{"logTime": "0828/141254", "correlationVector":"vwD4oU4v6unNsdclQ3i8vu","action":"Normal GetUpdate request", "result":"", "context":cV=vwD4oU4v6unNsdclQ3i8vu
Notified types: History}
{"logTime": "0828/141254", "correlationVector":"vwD4oU4v6unNsdclQ3i8vu.1","action":"SyncServerConnectionManagerRequest", "result":"SYNC_SERVER_OK", "context":{"environment":"Prod_japanwest_prod-s01-066-apac-japanwest", "migrationStage":"NotStarted", "server":"akswtt11600000r"}}
{"logTime": "0828/141254", "correlationVector":"vwD4oU4v6unNsdclQ3i8vu.2","action":"ProcessGetUpdates", "result":"Done", "context":{"dataType":"Preferences", "deleted":"1", "process_failed_to_decrypt":"0", "process_pending_decryption":"0", "process_success":"2", "total":"2"}}
{"logTime": "0828/141254", "correlationVector":"vwD4oU4v6unNsdclQ3i8vu.3","action":"ProcessGetUpdates", "result":"Done", "context":{"dataType":"Passwords", "deleted":"0", "process_failed_to_decrypt":"0", "process_pending_decryption":"0", "process_success":"96", "total":"96"}}
{"logTime": "0828/141254", "correlationVector":"vwD4oU4v6unNsdclQ3i8vu.4","action":"ProcessGetUpdates", "result":"Done", "context":{"dataType":"Sessions", "deleted":"2", "process_failed_to_decrypt":"0", "process_pending_decryption":"0", "process_success":"6", "total":"6"}}
{"logTime": "0828/141254", "correlationVector":"vwD4oU4v6unNsdclQ3i8vu.5","action":"ProcessGetUpdates", "result":"Done", "context":{"dataType":"Device Info", "deleted":"0", "process_failed_to_decrypt":"0", "process_pending_decryption":"0", "process_success":"1", "total":"1"}}
{"logTime": "0828/141254", "correlationVector":"vwD4oU4v6unNsdclQ3i8vu.6","action":"ProcessGetUpdates", "result":"Done", "context":{"dataType":"History", "deleted":"0", "process_failed_to_decrypt":"0", "process_pending_decryption":"0", "process_success":"2", "total":"2"}}
{"logTime": "0828/141254", "correlationVector":"vwD4oU4v6unNsdclQ3i8vu.7","action":"GetUpdates Response", "result":"Success", "context":Received 107 update(s). cV=vwD4oU4v6unNsdclQ3i8vu.0;server=akswtt11600000r;cloudType=Consumer;environment=Prod_japanwest_prod-s01-066-apac-japanwest;migrationStage=NotStarted}
{"logTime": "0828/141910", "correlationVector":"IIYBGF5DewwElESRPof2Lc","action":"Commit Request", "result":"", "context":Item count: 3
Contributing types: Sessions, History}
{"logTime": "0828/141910", "correlationVector":"IIYBGF5DewwElESRPof2Lc.1","action":"SyncServerConnectionManagerRequest", "result":"SYNC_SERVER_OK", "context":{"environment":"Prod_japanwest_prod-s01-066-apac-japanwest", "migrationStage":"NotStarted", "server":"akswtt11600000u"}}
{"logTime": "0828/141910", "correlationVector":"IIYBGF5DewwElESRPof2Lc.2","action":"Commit Response", "result":"Success", "context":Result: Success. cV=IIYBGF5DewwElESRPof2Lc.0;server=akswtt11600000u;cloudType=Consumer;environment=Prod_japanwest_prod-s01-066-apac-japanwest;migrationStage=NotStarted}
{"logTime": "0828/142348", "correlationVector":"mIINrs+KRETIbobDgF59f9.1","action":"SyncServerConnectionManagerRequest", "result":"SYNC_SERVER_OK", "context":{"environment":"Prod_japaneast_prod-s01-061-apac-japaneast", "migrationStage":"NotStarted", "server":"akswtt11600001h"}}
{"logTime": "0828/142348", "correlationVector":"mIINrs+KRETIbobDgF59f9.2","action":"ProcessGetUpdates", "result":"Done", "context":{"dataType":"Encryption Keys", "deleted":"0", "process_failed_to_decrypt":"0", "process_pending_decryption":"0", "process_success":"1", "total":"1"}}
{"logTime": "0828/142349", "correlationVector":"eoF+e2osFpRU5UQo+L7LnT","action":"SyncServerConnectionManagerRequest", "result":"SYNC_SERVER_OK", "context":{"environment":"", "migrationStage":"", "server":""}}
{"logTime": "0828/142349", "correlationVector":"eoF+e2osFpRU5UQo+L7LnT.0","action":"EncryptionKeysFetcher.DownloadKeys:", "result":"Success", "context":Key count: 9, Last key timestamp: 2026-08-11T08:00:07Z}
{"logTime": "0828/142349", "correlationVector":"eoF+e2osFpRU5UQo+L7LnT.1","action":"EncryptionKeysManager::SetEncryptionKeys:", "result":"Success", "context":Key names[9]:[h0EKw32CFLnkhYu4aV1Jo/TI7Oo0IS+bVSlyPspKPmrDgB+CSb/F1mhwZgXZSqS/6HAu/wOp4xWjZBDWRU16Vw==][ZzgxezEpHWLzp+8W0bBh+C4qcoXhuEqSZuLE/V2woTr+LE19XfwS4q10jD2Ji//A87LW1pY632iiHBO1axpFxQ==][N92SWBjD6MKxPSuUN7fKEY5yduvbZYRgqs+V74DocUQLe7I423uEXczs/eQY5HCQigcWJ4yr6YqKFaKpaGbjKA==][jD4c3uDENZ9WsRHLzvtVCt4wPf27G3vHPEIX7e8WIsntSM7S31asWjDvRXmlSYnPL+WGIsZTMv07h/2WJzEScw==][CzdF9z0QqkzewmxUOfOze1DAXngzC1EtB7qN7+/CzFHjxb0E04L6XEOsnzUhXlvYHP/aovXDp1f8jiSUOjJAUg==][bTHAUmxx6jZ1iXERGPRBCt9P6LlxCfKLzyBjEjImecON4zFQMaqwGVptkciNfUXqo5z8ZGUbOP/iaHKp2BDDgg==][se+rBkyXGj+RlHSYvf6JDNclOAgjF8mPrbIMIGQkxYaEY6o/L3BZbA2JeIn7qAA4km9xRm5m9CZhMPJKDM/+zA==][Rjz6zo3jovs2ZD040heVaH/lqhXvQYJbXTSyUUQT4cl1qKqMh7X6iIA8+gC1cQZMiuU0a/UBSacfB4AEkORTiA==][MejxnyapSOwBClFtsUwHxmL7yMo8Sk4KkKyAVNEG09qMUvdioQ43hRoOn1O7W9q4Ubh6rXjklvyyhaXBxCPjqg==]}
{"logTime": "0828/142349", "correlationVector":"eoF+e2osFpRU5UQo+L7LnT.2","action":"EncryptionKeysManager::SetEncryptionKeysWithTimestamps:", "result":"Success", "context":Key timestamps[9]:[2022-01-21T14:34:06Z][2022-09-29T12:11:06Z][2023-07-26T06:07:38Z][2024-02-20T06:43:46Z][2024-08-19T05:16:19Z][2025-02-15T12:04:23Z][2025-08-15T01:09:28Z][2026-02-11T07:20:05Z][2026-08-11T08:00:07Z]}
{"logTime": "0828/142349", "correlationVector":"mIINrs+KRETIbobDgF59f9","action":"Initial GetUpdates", "result":"", "context":Reason: NEW_CLIENT. cV=mIINrs+KRETIbobDgF59f9}
{"logTime": "0828/142349", "correlationVector":"mIINrs+KRETIbobDgF59f9.3","action":"GetUpdates Response", "result":"Success", "context":Received 1 update(s). cV=mIINrs+KRETIbobDgF59f9.0;server=akswtt11600001h;cloudType=Consumer;environment=Prod_japaneast_prod-s01-061-apac-japaneast;migrationStage=NotStarted}
{"logTime": "0828/142349", "correlationVector":"8O2KqGtomASD3IEn9zK5Tt","action":"Initial GetUpdates", "result":"", "context":Reason: NEWLY_SUPPORTED_DATATYPE. cV=8O2KqGtomASD3IEn9zK5Tt}
{"logTime": "0828/142349", "correlationVector":"8O2KqGtomASD3IEn9zK5Tt.1","action":"SyncServerConnectionManagerRequest", "result":"SYNC_SERVER_OK", "context":{"environment":"Prod_japaneast_prod-s01-061-apac-japaneast", "migrationStage":"NotStarted", "server":"akswtt116000015"}}
{"logTime": "0828/142349", "correlationVector":"8O2KqGtomASD3IEn9zK5Tt.2","action":"ProcessGetUpdates", "result":"Done", "context":{"dataType":"Passwords", "deleted":"2", "process_failed_to_decrypt":"0", "process_pending_decryption":"0", "process_success":"106", "total":"106"}}
{"logTime": "0828/142349", "correlationVector":"8O2KqGtomASD3IEn9zK5Tt.3","action":"GetUpdates Response", "result":"Success", "context":Received 106 update(s). cV=8O2KqGtomASD3IEn9zK5Tt.0;server=akswtt116000015;cloudType=Consumer;environment=Prod_japaneast_prod-s01-061-apac-japaneast;migrationStage=NotStarted}
{"logTime": "0828/142349", "correlationVector":"pmQuZK3mXU4kERAI2W6ePC","action":"Normal GetUpdate request", "result":"", "context":cV=pmQuZK3mXU4kERAI2W6ePC
Nudged types: Preferences, Sessions, Device Info, History
Refresh requested types: Bookmarks, Preferences, Passwords, Autofill Profiles, Autofill, Extensions, Sessions, Extension settings, History Delete Directives, Device Info, User Consents, Send Tab To Self, Web Apps, History, Saved Tab Group, WebAuthn Credentials, Edge E Drop, Edge Hub App Usage, Edge Workspace, Encryption Keys}
{"logTime": "0828/142349", "correlationVector":"pmQuZK3mXU4kERAI2W6ePC.1","action":"SyncServerConnectionManagerRequest", "result":"SYNC_SERVER_OK", "context":{"environment":"Prod_japaneast_prod-s01-061-apac-japaneast", "migrationStage":"NotStarted", "server":"akswtt11600004w"}}
{"logTime": "0828/142349", "correlationVector":"pmQuZK3mXU4kERAI2W6ePC.2","action":"ProcessGetUpdates", "result":"Done", "context":{"dataType":"Sessions", "deleted":"0", "process_failed_to_decrypt":"0", "process_pending_decryption":"0", "process_success":"5", "total":"5"}}
{"logTime": "0828/142349", "correlationVector":"pmQuZK3mXU4kERAI2W6ePC.3","action":"ProcessGetUpdates", "result":"Done", "context":{"dataType":"Device Info", "deleted":"0", "process_failed_to_decrypt":"0", "process_pending_decryption":"0", "process_success":"1", "total":"1"}}
{"logTime": "0828/142349", "correlationVector":"pmQuZK3mXU4kERAI2W6ePC.4","action":"ProcessGetUpdates", "result":"Done", "context":{"dataType":"History", "deleted":"0", "process_failed_to_decrypt":"0", "process_pending_decryption":"0", "process_success":"4", "total":"4"}}
{"logTime": "0828/142349", "correlationVector":"pmQuZK3mXU4kERAI2W6ePC.5","action":"GetUpdates Response", "result":"Success", "context":Received 10 update(s). cV=pmQuZK3mXU4kERAI2W6ePC.0;server=akswtt11600004w;cloudType=Consumer;environment=Prod_japaneast_prod-s01-061-apac-japaneast;migrationStage=NotStarted}
{"logTime": "0828/142349", "correlationVector":"eLAHpnJAPxg6osRT0sqUub","action":"Commit Request", "result":"", "context":Item count: 6
Contributing types: Preferences, Sessions, Device Info, History}
{"logTime": "0828/142350", "correlationVector":"eLAHpnJAPxg6osRT0sqUub.1","action":"SyncServerConnectionManagerRequest", "result":"SYNC_SERVER_OK", "context":{"environment":"Prod_japaneast_prod-s01-061-apac-japaneast", "migrationStage":"NotStarted", "server":"akswtt11600001y"}}
{"logTime": "0828/142350", "correlationVector":"eLAHpnJAPxg6osRT0sqUub.2","action":"Commit Response", "result":"Success", "context":Result: Success. cV=eLAHpnJAPxg6osRT0sqUub.0;server=akswtt11600001y;cloudType=Consumer;environment=Prod_japaneast_prod-s01-061-apac-japaneast;migrationStage=NotStarted}
{"logTime": "0828/142358", "correlationVector":"8o4ivb5RduD6faN71sYiTV","action":"Commit Request", "result":"", "context":Item count: 40
Contributing types: Passwords}
{"logTime": "0828/142400", "correlationVector":"8o4ivb5RduD6faN71sYiTV.1","action":"SyncServerConnectionManagerRequest", "result":"SYNC_SERVER_OK", "context":{"environment":"Prod_japaneast_prod-s01-061-apac-japaneast", "migrationStage":"NotStarted", "server":"akswtt11600001o"}}
{"logTime": "0828/142400", "correlationVector":"8o4ivb5RduD6faN71sYiTV.2","action":"Commit Response", "result":"Success", "context":Result: Success. cV=8o4ivb5RduD6faN71sYiTV.0;server=akswtt11600001o;cloudType=Consumer;environment=Prod_japaneast_prod-s01-061-apac-japaneast;migrationStage=NotStarted}
{"logTime": "0828/142400", "correlationVector":"4B5zGe6rPoSfbN801bM3HQ","action":"Commit Request", "result":"", "context":Item count: 40
Contributing types: Passwords}
{"logTime": "0828/142401", "correlationVector":"4B5zGe6rPoSfbN801bM3HQ.1","action":"SyncServerConnectionManagerRequest", "result":"SYNC_SERVER_OK", "context":{"environment":"Prod_japaneast_prod-s01-061-apac-japaneast", "migrationStage":"NotStarted", "server":"akswtt11600004w"}}
{"logTime": "0828/142401", "correlationVector":"4B5zGe6rPoSfbN801bM3HQ.2","action":"Commit Response", "result":"Success", "context":Result: Success. cV=4B5zGe6rPoSfbN801bM3HQ.0;server=akswtt11600004w;cloudType=Consumer;environment=Prod_japaneast_prod-s01-061-apac-japaneast;migrationStage=NotStarted}
{"logTime": "0828/142401", "correlationVector":"IJLsPsMbxGITWUJeuHNzKi","action":"Commit Request", "result":"", "context":Item count: 20
Contributing types: Preferences, Passwords, Sessions, History}
{"logTime": "0828/142402", "correlationVector":"IJLsPsMbxGITWUJeuHNzKi.1","action":"SyncServerConnectionManagerRequest", "result":"SYNC_SERVER_OK", "context":{"environment":"Prod_japaneast_prod-s01-061-apac-japaneast", "migrationStage":"NotStarted", "server":"akswtt11600007b"}}
{"logTime": "0828/142402", "correlationVector":"IJLsPsMbxGITWUJeuHNzKi.2","action":"Commit Response", "result":"Success", "context":Result: Success. cV=IJLsPsMbxGITWUJeuHNzKi.0;server=akswtt11600007b;cloudType=Consumer;environment=Prod_japaneast_prod-s01-061-apac-japaneast;migrationStage=NotStarted}
{"logTime": "0828/142402", "correlationVector":"IJLsPsMbxGITWUJeuHNzKi.3","action":"Commit.Sessions", "result":"Success", "context":{"id":"92d441f9-db19-4b40-b809-9f4d7b5c6ed1", "isDeleted":"true", "size":"0", "version":"1787927030044"}}
{"logTime": "0828/142439", "correlationVector":"4I1B1MDWwVkL6LR63BSDya","action":"Commit Request", "result":"", "context":Item count: 3
Contributing types: Preferences, Sessions, History}
{"logTime": "0828/142440", "correlationVector":"4I1B1MDWwVkL6LR63BSDya.1","action":"SyncServerConnectionManagerRequest", "result":"SYNC_SERVER_OK", "context":{"environment":"Prod_japanwest_prod-s01-066-apac-japanwest", "migrationStage":"NotStarted", "server":"akswtt11600000t"}}
{"logTime": "0828/142440", "correlationVector":"4I1B1MDWwVkL6LR63BSDya.2","action":"Commit Response", "result":"Success", "context":Result: Success. cV=4I1B1MDWwVkL6LR63BSDya.0;server=akswtt11600000t;cloudType=Consumer;environment=Prod_japanwest_prod-s01-066-apac-japanwest;migrationStage=NotStarted}
{"logTime": "0828/142839", "correlationVector":"POSdlArM7SKArNiT7f2+wY","action":"Commit Request", "result":"", "context":Item count: 1
Contributing types: Preferences}
{"logTime": "0828/142839", "correlationVector":"POSdlArM7SKArNiT7f2+wY.1","action":"SyncServerConnectionManagerRequest", "result":"SYNC_SERVER_OK", "context":{"environment":"Prod_japanwest_prod-s01-066-apac-japanwest", "migrationStage":"NotStarted", "server":"akswtt11600000f"}}
{"logTime": "0828/142839", "correlationVector":"POSdlArM7SKArNiT7f2+wY.3","action":"Commit.Preferences", "result":"Success", "context":{"id":"773955bd-7e13-412d-b1fd-2c1573713a0c", "isDeleted":"true", "size":"0", "version":"1787927080057"}}
{"logTime": "0828/142839", "correlationVector":"POSdlArM7SKArNiT7f2+wY.2","action":"Commit Response", "result":"Success", "context":Result: Success. cV=POSdlArM7SKArNiT7f2+wY.0;server=akswtt11600000f;cloudType=Consumer;environment=Prod_japanwest_prod-s01-066-apac-japanwest;migrationStage=NotStarted}
